Archive member included to satisfy reference by file (symbol)

c:/program files (x86)/atmel/studio/7.0/toolchain/avr8/avr8-gnu-toolchain/bin/../lib/gcc/avr/5.4.0/../../../../avr/lib/avr51\libm.a(acos.o)
                              Drv/DrvLeg.o (acos)
c:/program files (x86)/atmel/studio/7.0/toolchain/avr8/avr8-gnu-toolchain/bin/../lib/gcc/avr/5.4.0/../../../../avr/lib/avr51\libm.a(addsf3.o)
                              Cmps/CmpPCA9685.o (__subsf3)
c:/program files (x86)/atmel/studio/7.0/toolchain/avr8/avr8-gnu-toolchain/bin/../lib/gcc/avr/5.4.0/../../../../avr/lib/avr51\libm.a(addsf3x.o)
                              c:/program files (x86)/atmel/studio/7.0/toolchain/avr8/avr8-gnu-toolchain/bin/../lib/gcc/avr/5.4.0/../../../../avr/lib/avr51\libm.a(acos.o) (__addsf3x)
c:/program files (x86)/atmel/studio/7.0/toolchain/avr8/avr8-gnu-toolchain/bin/../lib/gcc/avr/5.4.0/../../../../avr/lib/avr51\libm.a(atan2.o)
                              Srv/SrvImuSimple.o (atan2)
c:/program files (x86)/atmel/studio/7.0/toolchain/avr8/avr8-gnu-toolchain/bin/../lib/gcc/avr/5.4.0/../../../../avr/lib/avr51\libm.a(atan.o)
                              Drv/DrvLeg.o (atan)
c:/program files (x86)/atmel/studio/7.0/toolchain/avr8/avr8-gnu-toolchain/bin/../lib/gcc/avr/5.4.0/../../../../avr/lib/avr51\libm.a(cmpsf2.o)
                              Srv/SrvWalk.o (__nesf2)
c:/program files (x86)/atmel/studio/7.0/toolchain/avr8/avr8-gnu-toolchain/bin/../lib/gcc/avr/5.4.0/../../../../avr/lib/avr51\libm.a(cos.o)
                              Srv/SrvWalk.o (cos)
c:/program files (x86)/atmel/studio/7.0/toolchain/avr8/avr8-gnu-toolchain/bin/../lib/gcc/avr/5.4.0/../../../../avr/lib/avr51\libm.a(divsf3.o)
                              Cmps/CmpMPU9150.o (__divsf3)
c:/program files (x86)/atmel/studio/7.0/toolchain/avr8/avr8-gnu-toolchain/bin/../lib/gcc/avr/5.4.0/../../../../avr/lib/avr51\libm.a(divsf3x.o)
                              c:/program files (x86)/atmel/studio/7.0/toolchain/avr8/avr8-gnu-toolchain/bin/../lib/gcc/avr/5.4.0/../../../../avr/lib/avr51\libm.a(divsf3.o) (__divsf3x)
c:/program files (x86)/atmel/studio/7.0/toolchain/avr8/avr8-gnu-toolchain/bin/../lib/gcc/avr/5.4.0/../../../../avr/lib/avr51\libm.a(fixsfsi.o)
                              Cmps/CmpMPU9150.o (__fixsfsi)
c:/program files (x86)/atmel/studio/7.0/toolchain/avr8/avr8-gnu-toolchain/bin/../lib/gcc/avr/5.4.0/../../../../avr/lib/avr51\libm.a(fixunssfsi.o)
                              Cmps/CmpPCA9685.o (__fixunssfsi)
c:/program files (x86)/atmel/studio/7.0/toolchain/avr8/avr8-gnu-toolchain/bin/../lib/gcc/avr/5.4.0/../../../../avr/lib/avr51\libm.a(floatsisf.o)
                              Cmps/CmpVL53L0X.o (__floatunsisf)
c:/program files (x86)/atmel/studio/7.0/toolchain/avr8/avr8-gnu-toolchain/bin/../lib/gcc/avr/5.4.0/../../../../avr/lib/avr51\libm.a(floor.o)
                              Cmps/CmpPCA9685.o (floor)
c:/program files (x86)/atmel/studio/7.0/toolchain/avr8/avr8-gnu-toolchain/bin/../lib/gcc/avr/5.4.0/../../../../avr/lib/avr51\libm.a(fp_arccos.o)
                              c:/program files (x86)/atmel/studio/7.0/toolchain/avr8/avr8-gnu-toolchain/bin/../lib/gcc/avr/5.4.0/../../../../avr/lib/avr51\libm.a(acos.o) (__fp_arccos)
c:/program files (x86)/atmel/studio/7.0/toolchain/avr8/avr8-gnu-toolchain/bin/../lib/gcc/avr/5.4.0/../../../../avr/lib/avr51\libm.a(fp_cmp.o)
                              c:/program files (x86)/atmel/studio/7.0/toolchain/avr8/avr8-gnu-toolchain/bin/../lib/gcc/avr/5.4.0/../../../../avr/lib/avr51\libm.a(cmpsf2.o) (__fp_cmp)
c:/program files (x86)/atmel/studio/7.0/toolchain/avr8/avr8-gnu-toolchain/bin/../lib/gcc/avr/5.4.0/../../../../avr/lib/avr51\libm.a(fp_inf.o)
                              c:/program files (x86)/atmel/studio/7.0/toolchain/avr8/avr8-gnu-toolchain/bin/../lib/gcc/avr/5.4.0/../../../../avr/lib/avr51\libm.a(addsf3x.o) (__fp_inf)
c:/program files (x86)/atmel/studio/7.0/toolchain/avr8/avr8-gnu-toolchain/bin/../lib/gcc/avr/5.4.0/../../../../avr/lib/avr51\libm.a(fp_mintl.o)
                              c:/program files (x86)/atmel/studio/7.0/toolchain/avr8/avr8-gnu-toolchain/bin/../lib/gcc/avr/5.4.0/../../../../avr/lib/avr51\libm.a(floor.o) (__fp_mintl)
c:/program files (x86)/atmel/studio/7.0/toolchain/avr8/avr8-gnu-toolchain/bin/../lib/gcc/avr/5.4.0/../../../../avr/lib/avr51\libm.a(fp_mpack.o)
                              c:/program files (x86)/atmel/studio/7.0/toolchain/avr8/avr8-gnu-toolchain/bin/../lib/gcc/avr/5.4.0/../../../../avr/lib/avr51\libm.a(floor.o) (__fp_mpack)
c:/program files (x86)/atmel/studio/7.0/toolchain/avr8/avr8-gnu-toolchain/bin/../lib/gcc/avr/5.4.0/../../../../avr/lib/avr51\libm.a(fp_nan.o)
                              c:/program files (x86)/atmel/studio/7.0/toolchain/avr8/avr8-gnu-toolchain/bin/../lib/gcc/avr/5.4.0/../../../../avr/lib/avr51\libm.a(addsf3x.o) (__fp_nan)
[...]
Memory Configuration

Name             Origin             Length             Attributes
text             0x00000000         0x00020000         xr
data             0x00800100         0x0000ff00         rw !x
eeprom           0x00810000         0x00010000         rw !x
fuse             0x00820000         0x00000003         rw !x
lock             0x00830000         0x00000400         rw !x
signature        0x00840000         0x00000400         rw !x
user_signatures  0x00850000         0x00000400         rw !x
*default*        0x00000000         0xffffffff

Linker script and memory map

Address of section .data set to 0x800100
LOAD C:/Program Files (x86)/Atmel/Studio/7.0/Packs/atmel/ATmega_DFP/1.2.209/gcc/dev/atmega1284p/avr51/crtatmega1284p.o
LOAD Cmps/CmpMPU9150.o
LOAD Cmps/CmpNRF24L01.o
LOAD Cmps/CmpPCA9685.o
LOAD Cmps/CmpSRF04.o
LOAD Cmps/CmpSSD1306.o
LOAD Cmps/CmpVL53L0X.o
LOAD Drv/DrvAdc.o
LOAD Drv/DrvBitmap.o
LOAD Drv/DrvButton.o
LOAD Drv/DrvEeprom.o
LOAD Drv/DrvFont.o
LOAD Drv/DrvIo.o
LOAD Drv/DrvLed.o
LOAD Drv/DrvLeg.o
LOAD Drv/DrvServo.o
LOAD Drv/DrvSpi.o
LOAD Drv/DrvTick.o
LOAD Drv/DrvTimer.o
LOAD Drv/DrvTwi.o
LOAD Drv/DrvUart.o
LOAD main.o
LOAD Srv/SrvBattery.o
LOAD Srv/SrvGait.o
LOAD Srv/SrvTask.o
LOAD Srv/SrvBodyMove.o
LOAD Srv/SrvComm.o
LOAD Srv/SrvCore.o
LOAD Srv/SrvDisplay.o
LOAD Srv/SrvFeeling.o
LOAD Srv/SrvHead.o
LOAD Srv/SrvHeartbeat.o
LOAD Srv/SrvIhm.o
LOAD Srv/SrvImuSimple.o
LOAD Srv/SrvPID.o
LOAD Srv/SrvDetection.o
LOAD Srv/SrvWalk.o
START GROUP
LOAD c:/program files (x86)/atmel/studio/7.0/toolchain/avr8/avr8-gnu-toolchain/bin/../lib/gcc/avr/5.4.0/../../../../avr/lib/avr51\libm.a
END GROUP
START GROUP
LOAD c:/program files (x86)/atmel/studio/7.0/toolchain/avr8/avr8-gnu-toolchain/bin/../lib/gcc/avr/5.4.0/avr51\libgcc.a
LOAD c:/program files (x86)/atmel/studio/7.0/toolchain/avr8/avr8-gnu-toolchain/bin/../lib/gcc/avr/5.4.0/../../../../avr/lib/avr51\libm.a
LOAD c:/program files (x86)/atmel/studio/7.0/toolchain/avr8/avr8-gnu-toolchain/bin/../lib/gcc/avr/5.4.0/../../../../avr/lib/avr51\libc.a
LOAD C:/Program Files (x86)/Atmel/Studio/7.0/Packs/atmel/ATmega_DFP/1.2.209/gcc/dev/atmega1284p/avr51\libatmega1284p.a
END GROUP
                0x00000000                __TEXT_REGION_ORIGIN__ = DEFINED (__TEXT_REGION_ORIGIN__)?__TEXT_REGION_ORIGIN__:0x0
                0x00800100                __DATA_REGION_ORIGIN__ = DEFINED (__DATA_REGION_ORIGIN__)?__DATA_REGION_ORIGIN__:0x800100
                0x00020000                __TEXT_REGION_LENGTH__ = DEFINED (__TEXT_REGION_LENGTH__)?__TEXT_REGION_LENGTH__:0x20000
                0x0000ff00                __DATA_REGION_LENGTH__ = DEFINED (__DATA_REGION_LENGTH__)?__DATA_REGION_LENGTH__:0xff00
                0x00010000                __EEPROM_REGION_LENGTH__ = DEFINED (__EEPROM_REGION_LENGTH__)?__EEPROM_REGION_LENGTH__:0x10000
                [0x00000003]                __FUSE_REGION_LENGTH__ = DEFINED (__FUSE_REGION_LENGTH__)?__FUSE_REGION_LENGTH__:0x400
                0x00000400                __LOCK_REGION_LENGTH__ = DEFINED (__LOCK_REGION_LENGTH__)?__LOCK_REGION_LENGTH__:0x400
                0x00000400                __SIGNATURE_REGION_LENGTH__ = DEFINED (__SIGNATURE_REGION_LENGTH__)?__SIGNATURE_REGION_LENGTH__:0x400
                0x00000400                __USER_SIGNATURE_REGION_LENGTH__ = DEFINED (__USER_SIGNATURE_REGION_LENGTH__)?__USER_SIGNATURE_REGION_LENGTH__:0x400

.hash
 *(.hash)

.dynsym
 *(.dynsym)

.dynstr
 *(.dynstr)

.gnu.version
 *(.gnu.version)

.gnu.version_d
 *(.gnu.version_d)

.gnu.version_r
 *(.gnu.version_r)

.rel.init
 *(.rel.init)

.rela.init
 *(.rela.init)

.rel.text
 *(.rel.text)
 *(.rel.text.*)
 *(.rel.gnu.linkonce.t*)

.rela.text
 *(.rela.text)
 *(.rela.text.*)
 *(.rela.gnu.linkonce.t*)

.rel.fini
 *(.rel.fini)

.rela.fini
 *(.rela.fini)

.rel.rodata
 *(.rel.rodata)
 *(.rel.rodata.*)
 *(.rel.gnu.linkonce.r*)

.rela.rodata
 *(.rela.rodata)
 *(.rela.rodata.*)
 *(.rela.gnu.linkonce.r*)

.rel.data
 *(.rel.data)
 *(.rel.data.*)
 *(.rel.gnu.linkonce.d*)

.rela.data
 *(.rela.data)
 *(.rela.data.*)
 *(.rela.gnu.linkonce.d*)

.rel.ctors
 *(.rel.ctors)

.rela.ctors
 *(.rela.ctors)

.rel.dtors
 *(.rel.dtors)

.rela.dtors
 *(.rela.dtors)

.rel.got
 *(.rel.got)

.rela.got
 *(.rela.got)

.rel.bss
 *(.rel.bss)

.rela.bss
 *(.rela.bss)

.rel.plt
 *(.rel.plt)

.rela.plt
 *(.rela.plt)

.text           0x00000000     0x5116
 *(.vectors)
 .vectors       0x00000000       0x8c C:/Program Files (x86)/Atmel/Studio/7.0/Packs/atmel/ATmega_DFP/1.2.209/gcc/dev/atmega1284p/avr51/crtatmega1284p.o
                0x00000000                __vector_default
                0x00000000                __vectors
 *(.vectors)
 *(.progmem.gcc*)
 .progmem.gcc_sw_table.SrvCommUpdate
                0x0000008c      0x272 Srv/SrvComm.o
 .progmem.gcc_fplib
                0x000002fe       0x2d c:/program files (x86)/atmel/studio/7.0/toolchain/avr8/avr8-gnu-toolchain/bin/../lib/gcc/avr/5.4.0/../../../../avr/lib/avr51\libm.a(atan.o)
 .progmem.gcc_fplib
                0x0000032b       0x28 c:/program files (x86)/atmel/studio/7.0/toolchain/avr8/avr8-gnu-toolchain/bin/../lib/gcc/avr/5.4.0/../../../../avr/lib/avr51\libm.a(fp_arccos.o)
 .progmem.gcc_fplib
                0x00000353       0x23 c:/program files (x86)/atmel/studio/7.0/toolchain/avr8/avr8-gnu-toolchain/bin/../lib/gcc/avr/5.4.0/../../../../avr/lib/avr51\libm.a(tan.o)
                0x00000376                . = ALIGN (0x2)
                0x00000376                __trampolines_start = .
 *(.trampolines)
 .trampolines   0x00000376        0x0 linker stubs
 *(.trampolines*)
                0x00000376                __trampolines_end = .
 *libprintf_flt.a:*(.progmem.data)
 *libc.a:*(.progmem.data)
 *(.progmem*)
                0x00000376                . = ALIGN (0x2)
 *(.jumptables)
 *(.jumptables*)
 *(.lowtext)
 *(.lowtext*)
                0x00000376                __ctors_start = .
 *(.ctors)
                0x00000376                __ctors_end = .
                0x00000376                __dtors_start = .
 *(.dtors)
                0x00000376                __dtors_end = .
 SORT(*)(.ctors)
 SORT(*)(.dtors)
 *(.init0)
 .init0         0x00000376        0x0 C:/Program Files (x86)/Atmel/Studio/7.0/Packs/atmel/ATmega_DFP/1.2.209/gcc/dev/atmega1284p/avr51/crtatmega1284p.o
                0x00000376                __init
 *(.init0)
 *(.init1)
 *(.init1)
 *(.init2)
 .init2         0x00000376        0xc C:/Program Files (x86)/Atmel/Studio/7.0/Packs/atmel/ATmega_DFP/1.2.209/gcc/dev/atmega1284p/avr51/crtatmega1284p.o
 *(.init2)
 *(.init3)
 *(.init3)
 *(.init4)
 .init4         0x00000382       0x1a c:/program files (x86)/atmel/studio/7.0/toolchain/avr8/avr8-gnu-toolchain/bin/../lib/gcc/avr/5.4.0/avr51\libgcc.a(_copy_data.o)
                0x00000382                __do_copy_data
 .init4         0x0000039c       0x10 c:/program files (x86)/atmel/studio/7.0/toolchain/avr8/avr8-gnu-toolchain/bin/../lib/gcc/avr/5.4.0/avr51\libgcc.a(_clear_bss.o)
                0x0000039c                __do_clear_bss
 *(.init4)
 *(.init5)
 *(.init5)
 *(.init6)
 *(.init6)
 *(.init7)
 *(.init7)
 *(.init8)
 *(.init8)
 *(.init9)
 .init9         0x000003ac        0x8 C:/Program Files (x86)/Atmel/Studio/7.0/Packs/atmel/ATmega_DFP/1.2.209/gcc/dev/atmega1284p/avr51/crtatmega1284p.o
 *(.init9)
 *(.text)
 .text          0x000003b4        0x2 C:/Program Files (x86)/Atmel/Studio/7.0/Packs/atmel/ATmega_DFP/1.2.209/gcc/dev/atmega1284p/avr51/crtatmega1284p.o
                0x000003b4                __vector_1
                0x000003b4                __vector_32
                0x000003b4                __vector_34
                0x000003b4                __vector_24
                0x000003b4                __vector_12
                0x000003b4                __bad_interrupt
                0x000003b4                __vector_6
                0x000003b4                __vector_31
                0x000003b4                __vector_3
                0x000003b4                __vector_23
                0x000003b4                __vector_25
                0x000003b4                __vector_11
                0x000003b4                __vector_13
                0x000003b4                __vector_17
                0x000003b4                __vector_7
                0x000003b4                __vector_27
                0x000003b4                __vector_5
                0x000003b4                __vector_33
                0x000003b4                __vector_2
                0x000003b4                __vector_15
                0x000003b4                __vector_8
                0x000003b4                __vector_26
                0x000003b4                __vector_14
                0x000003b4                __vector_10
                0x000003b4                __vector_16
                0x000003b6                . = ALIGN (0x2)
 *(.text.*)
 .text.CmpPCA9685Reset
                0x000003b6        0xa Cmps/CmpPCA9685.o
                0x000003b6                CmpPCA9685Reset
 .text.CmpPCA9685GetPwmTab
                0x000003c0       0x36 Cmps/CmpPCA9685.o
                0x000003c0                CmpPCA9685GetPwmTab
 .text.CmpPCA9685SendBuffer
                0x000003f6       0x30 Cmps/CmpPCA9685.o
                0x000003f6                CmpPCA9685SendBuffer
 .text.CmpPCA9685Init
                0x00000426      0x12a Cmps/CmpPCA9685.o
                0x00000426                CmpPCA9685Init
 .text.__vector_4
                0x00000550      0x18a Cmps/CmpSRF04.o
                0x00000550                __vector_4
 .text.DrvEepromIsConfigured
                0x000006da       0x14 Drv/DrvEeprom.o
                0x000006da                DrvEepromIsConfigured
 .text.DrvEepromSetConfiguration
                0x000006ee        0xc Drv/DrvEeprom.o
                0x000006ee                DrvEepromSetConfiguration
 .text.DrvEepromInit
                0x000006fa       0x20 Drv/DrvEeprom.o
                0x000006fa                DrvEepromInit
 .text.DrvIoSetPinOutput
                0x0000071a       0x32 Drv/DrvIo.o
                0x0000071a                DrvIoSetPinOutput
 .text.DrvIoSetPinInput
                0x0000074c       0x42 Drv/DrvIo.o
                0x0000074c                DrvIoSetPinInput
 .text.DrvIoGetPinState
                0x0000078e       0x26 Drv/DrvIo.o
                0x0000078e                DrvIoGetPinState
 .text.DrvLegComputeInverseKinematics
                0x000007b4      0x2d2 Drv/DrvLeg.o
 .text.DrvLegApplyPosition
                0x00000a86      0x43e Drv/DrvLeg.o
 .text.DrvLegInit
                0x00000ec4      0x56c Drv/DrvLeg.o
                0x00000ec4                DrvLegInit
 .text.DrvLegGetStruct
                0x00001430        0xe Drv/DrvLeg.o
                0x00001430                DrvLegGetStruct
 .text.DrvLegSetTarget
                0x0000143e       0xd8 Drv/DrvLeg.o
                0x0000143e                DrvLegSetTarget
 .text.DrvLegUpdate
                0x00001516      0x3a2 Drv/DrvLeg.o
                0x00001516                DrvLegUpdate
 .text.DrvLegGetXFromCoxaAngle
                0x000018b8       0x5e Drv/DrvLeg.o
                0x000018b8                DrvLegGetXFromCoxaAngle
 .text.DrvServoInit
                0x00001916       0x4e Drv/DrvServo.o
                0x00001916                DrvServoInit
 .text.DrvServoSetTarget
                0x00001964       0x90 Drv/DrvServo.o
                0x00001964                DrvServoSetTarget
 .text.DrvServoActivate
                0x000019f4       0x1e Drv/DrvServo.o
                0x000019f4                DrvServoActivate
 .text.DrvServoUpdate
                0x00001a12       0xd8 Drv/DrvServo.o
                0x00001a12                DrvServoUpdate
 .text.DrvServoGetStruture
                0x00001aea       0x24 Drv/DrvServo.o
                0x00001aea                DrvServoGetStruture
 .text.__vector_19
                0x00001b0e       0x1e Drv/DrvSpi.o
                0x00001b0e                __vector_19
 .text.DrvTickInit
                0x00001b2c       0x40 Drv/DrvTick.o
                0x00001b2c                DrvTickInit
 .text.DrvTickGetTimeUs
                0x00001b6c       0x44 Drv/DrvTick.o
                0x00001b6c                DrvTickGetTimeUs
 .text.DrvTickGetTimeMs
                0x00001bb0       0x14 Drv/DrvTick.o
                0x00001bb0                DrvTickGetTimeMs
 .text.DrvTickDelayUs
                0x00001bc4       0x2c Drv/DrvTick.o
                0x00001bc4                DrvTickDelayUs
 .text.DrvTickDelayMs
                0x00001bf0        0xe Drv/DrvTick.o
                0x00001bf0                DrvTickDelayMs
 .text.__vector_18
                0x00001bfe       0x4a Drv/DrvTick.o
                0x00001bfe                __vector_18
 .text.DrvTimerInit
                0x00001c48       0x38 Drv/DrvTimer.o
                0x00001c48                DrvTimerInit
 .text.DrvTimerStopTimer
                0x00001c80       0x2e Drv/DrvTimer.o
                0x00001c80                DrvTimerStopTimer
 .text.DrvTimerTickReset
                0x00001cae       0x24 Drv/DrvTimer.o
                0x00001cae                DrvTimerTickReset
 .text.__vector_9
                0x00001cd2       0xc8 Drv/DrvTimer.o
                0x00001cd2                __vector_9
 .text.DrvTwiWaitTransmission
                0x00001d9a       0x2c Drv/DrvTwi.o
 .text.DrvTwiInit
                0x00001dc6       0x34 Drv/DrvTwi.o
                0x00001dc6                DrvTwiInit
 .text.DrvTwiReadReg
                0x00001dfa       0xde Drv/DrvTwi.o
                0x00001dfa                DrvTwiReadReg
 .text.DrvTwiWriteReg
                0x00001ed8       0xa0 Drv/DrvTwi.o
                0x00001ed8                DrvTwiWriteReg
 .text.DrvTwiWriteRegBuf
                0x00001f78       0xfc Drv/DrvTwi.o
                0x00001f78                DrvTwiWriteRegBuf
 .text.DrvUartInit
                0x00002074       0x5e Drv/DrvUart.o
                0x00002074                DrvUartInit
 .text.DrvUartFillTxBuffer
                0x000020d2       0x30 Drv/DrvUart.o
                0x000020d2                DrvUartFillTxBuffer
 .text.DrvUartSendData
                0x00002102       0x16 Drv/DrvUart.o
                0x00002102                DrvUartSendData
 .text.DrvUartReadData
                0x00002118       0x48 Drv/DrvUart.o
                0x00002118                DrvUartReadData
 .text.DrvUartDataAvailable
                0x00002160       0x1e Drv/DrvUart.o
                0x00002160                DrvUartDataAvailable
 .text.__vector_20
                0x0000217e       0x4c Drv/DrvUart.o
                0x0000217e                __vector_20
 .text.__vector_21
                0x000021ca       0x60 Drv/DrvUart.o
                0x000021ca                __vector_21
 .text.__vector_22
                0x0000222a       0x14 Drv/DrvUart.o
                0x0000222a                __vector_22
 .text.__vector_28
                0x0000223e       0x4c Drv/DrvUart.o
                0x0000223e                __vector_28
 .text.__vector_29
                0x0000228a       0x60 Drv/DrvUart.o
                0x0000228a                __vector_29
 .text.__vector_30
                0x000022ea       0x14 Drv/DrvUart.o
                0x000022ea                __vector_30
 .text.main     0x000022fe       0x44 main.o
                0x000022fe                main
 .text.SrvGaitInit
                0x00002342       0x7a Srv/SrvGait.o
                0x00002342                SrvGaitInit
 .text.SrvGaitUpdate
                0x000023bc       0xa8 Srv/SrvGait.o
                0x000023bc                SrvGaitUpdate
 .text.SrvBodyMoveGetStruct
                0x00002464        0x6 Srv/SrvBodyMove.o
                0x00002464                SrvBodyMoveGetStruct
 .text.SrvBodyMoveComputeLegRotationAndTranslation
                0x0000246a      0x3fa Srv/SrvBodyMove.o
                0x0000246a                SrvBodyMoveComputeLegRotationAndTranslation
 .text.SrvBodyMoveSetRotationAndTranslation
                0x00002864       0x74 Srv/SrvBodyMove.o
                0x00002864                SrvBodyMoveSetRotationAndTranslation
 .text.SrvBodyMoveApplyRotationAndTranslation
                0x000028d8       0x3c Srv/SrvBodyMove.o
                0x000028d8                SrvBodyMoveApplyRotationAndTranslation
 .text.SrvBodyMoveGetPosition
                0x00002914        0x6 Srv/SrvBodyMove.o
                0x00002914                SrvBodyMoveGetPosition
 .text.SrvBodyMoveSetPosition
                0x0000291a       0x2c Srv/SrvBodyMove.o
                0x0000291a                SrvBodyMoveSetPosition
 .text.SrvBodyMoveSetGroundSize
                0x00002946       0x14 Srv/SrvBodyMove.o
                0x00002946                SrvBodyMoveSetGroundSize
 .text.SrvBodyMoveSetElevation
                0x0000295a       0x14 Srv/SrvBodyMove.o
                0x0000295a                SrvBodyMoveSetElevation
 .text.SrvCommWriteMessage
                0x0000296e       0x48 Srv/SrvComm.o
 .text.SrvCommPrepareMessage
                0x000029b6       0x38 Srv/SrvComm.o
 .text.SrvCommExecuteMessage
                0x000029ee      0xfca Srv/SrvComm.o
 .text.SrvCommInit
                0x000039b8       0x2a Srv/SrvComm.o
                0x000039b8                SrvCommInit
 .text.SrvCommUpdate
                0x000039e2      0x480 Srv/SrvComm.o
                0x000039e2                SrvCommUpdate
 .text.SrvCoreInit
                0x00003e62      0x154 Srv/SrvCore.o
                0x00003e62                SrvCoreInit
 .text.SrvCoreLoop
                0x00003fb6      0x112 Srv/SrvCore.o
                0x00003fb6                SrvCoreLoop
 .text.SrvFeelingSetFeelingStatus
                0x000040c8        0x6 Srv/SrvFeeling.o
                0x000040c8                SrvFeelingSetFeelingStatus
 .text.SrvFeelingGetFeeling
                0x000040ce        0x6 Srv/SrvFeeling.o
                0x000040ce                SrvFeelingGetFeeling
 .text.SrvHeadSetMinPosition
                0x000040d4       0x16 Srv/SrvHead.o
                0x000040d4                SrvHeadSetMinPosition
 .text.SrvHeadScan
                0x000040ea       0x18 Srv/SrvHead.o
                0x000040ea                SrvHeadScan
 .text.SrvImuSimpleSetThreshold
                0x00004102        0x8 Srv/SrvImuSimple.o
                0x00004102                SrvImuSimpleSetThreshold
 .text.SrvImuSimpleGetThreshold
                0x0000410a        0x6 Srv/SrvImuSimple.o
                0x0000410a                SrvImuSimpleGetThreshold
 .text.SrvImuSimpleGetRoll
                0x00004110        0xa Srv/SrvImuSimple.o
                0x00004110                SrvImuSimpleGetRoll
 .text.SrvImuSimpleGetPitch
                0x0000411a        0xa Srv/SrvImuSimple.o
                0x0000411a                SrvImuSimpleGetPitch
 .text.SrvImuSimpleGetYaw
                0x00004124        0xa Srv/SrvImuSimple.o
                0x00004124                SrvImuSimpleGetYaw
 .text.SrvDetectionGetThresholdLazer
                0x0000412e        0xa Srv/SrvDetection.o
                0x0000412e                SrvDetectionGetThresholdLazer
 .text.SrvDetectionSetThresholdLazer
                0x00004138        0xa Srv/SrvDetection.o
                0x00004138                SrvDetectionSetThresholdLazer
 .text.SrvDetectionGetDistanceLazer
                0x00004142       0x12 Srv/SrvDetection.o
                0x00004142                SrvDetectionGetDistanceLazer
 .text.SrvDetectionGetThresholdUS
                0x00004154        0xa Srv/SrvDetection.o
                0x00004154                SrvDetectionGetThresholdUS
 .text.SrvDetectionSetThresholdUS
                0x0000415e        0xa Srv/SrvDetection.o
                0x0000415e                SrvDetectionSetThresholdUS
 .text.SrvDetectionGetDistanceUS
                0x00004168       0x12 Srv/SrvDetection.o
                0x00004168                SrvDetectionGetDistanceUS
 .text.SrvWalkGetStruct
                0x0000417a        0x6 Srv/SrvWalk.o
                0x0000417a                SrvWalkGetStruct
 .text.SrvWalkSetSpeed
                0x00004180       0x1c Srv/SrvWalk.o
                0x00004180                SrvWalkSetSpeed
 .text.SrvWalkGetSpeed
                0x0000419c        0xa Srv/SrvWalk.o
                0x0000419c                SrvWalkGetSpeed
 .text.SrvWalkStopWalk
                0x000041a6        0xa Srv/SrvWalk.o
                0x000041a6                SrvWalkStopWalk
 .text.SrvWalkSetAmplitude
                0x000041b0       0x3a Srv/SrvWalk.o
                0x000041b0                SrvWalkSetAmplitude
 .text.SrvWalkSetWalk
                0x000041ea      0x104 Srv/SrvWalk.o
                0x000041ea                SrvWalkSetWalk
 .text.SrvWalkGetAmplitude
                0x000042ee        0x6 Srv/SrvWalk.o
                0x000042ee                SrvWalkGetAmplitude
 .text.SrvWalkSetDirection
                0x000042f4       0x14 Srv/SrvWalk.o
                0x000042f4                SrvWalkSetDirection
 .text.SrvWalkGetDirection
                0x00004308        0x6 Srv/SrvWalk.o
                0x00004308                SrvWalkGetDirection
 .text.avr-libc.fplib
                0x0000430e       0x1c c:/program files (x86)/atmel/studio/7.0/toolchain/avr8/avr8-gnu-toolchain/bin/../lib/gcc/avr/5.4.0/../../../../avr/lib/avr51\libm.a(acos.o)
                0x0000430e                acos
 .text.avr-libc.fplib
                0x0000432a        0xa c:/program files (x86)/atmel/studio/7.0/toolchain/avr8/avr8-gnu-toolchain/bin/../lib/gcc/avr/5.4.0/../../../../avr/lib/avr51\libm.a(addsf3.o)
                0x0000432a                __subsf3
                0x0000432c                __addsf3
 .text.avr-libc.fplib
                0x00004334       0xc0 c:/program files (x86)/atmel/studio/7.0/toolchain/avr8/avr8-gnu-toolchain/bin/../lib/gcc/avr/5.4.0/../../../../avr/lib/avr51\libm.a(addsf3x.o)
                0x0000434e                __addsf3x
 .text.avr-libc.fplib
                0x000043f4       0x50 c:/program files (x86)/atmel/studio/7.0/toolchain/avr8/avr8-gnu-toolchain/bin/../lib/gcc/avr/5.4.0/../../../../avr/lib/avr51\libm.a(atan.o)
                0x000043f4                atan
 .text.avr-libc.fplib
                0x00004444        0x8 c:/program files (x86)/atmel/studio/7.0/toolchain/avr8/avr8-gnu-toolchain/bin/../lib/gcc/avr/5.4.0/../../../../avr/lib/avr51\libm.a(cmpsf2.o)
                0x00004444                __nesf2
                0x00004444                __eqsf2
                0x00004444                __cmpsf2
                0x00004444                __ltsf2
                0x00004444                __lesf2
 .text.avr-libc.fplib
                0x0000444c        0x4 c:/program files (x86)/atmel/studio/7.0/toolchain/avr8/avr8-gnu-toolchain/bin/../lib/gcc/avr/5.4.0/../../../../avr/lib/avr51\libm.a(divsf3.o)
                0x0000444c                __divsf3
 .text.avr-libc.fplib
                0x00004450       0xcc c:/program files (x86)/atmel/studio/7.0/toolchain/avr8/avr8-gnu-toolchain/bin/../lib/gcc/avr/5.4.0/../../../../avr/lib/avr51\libm.a(divsf3x.o)
                0x00004466                __divsf3x
                0x0000446a                __divsf3_pse
 .text.avr-libc.fplib
                0x0000451c        0xa c:/program files (x86)/atmel/studio/7.0/toolchain/avr8/avr8-gnu-toolchain/bin/../lib/gcc/avr/5.4.0/../../../../avr/lib/avr51\libm.a(fixsfsi.o)
                0x0000451c                __fixsfsi
 .text.avr-libc.fplib
                0x00004526       0x58 c:/program files (x86)/atmel/studio/7.0/toolchain/avr8/avr8-gnu-toolchain/bin/../lib/gcc/avr/5.4.0/../../../../avr/lib/avr51\libm.a(fixunssfsi.o)
                0x00004526                __fixunssfsi
 .text.avr-libc.fplib
                0x0000457e       0x7a c:/program files (x86)/atmel/studio/7.0/toolchain/avr8/avr8-gnu-toolchain/bin/../lib/gcc/avr/5.4.0/../../../../avr/lib/avr51\libm.a(floatsisf.o)
                0x0000457e                __floatunsisf
                0x00004582                __floatsisf
 .text.avr-libc.fplib
                0x000045f8       0x26 c:/program files (x86)/atmel/studio/7.0/toolchain/avr8/avr8-gnu-toolchain/bin/../lib/gcc/avr/5.4.0/../../../../avr/lib/avr51\libm.a(floor.o)
                0x000045f8                floor
 .text.avr-libc.fplib
                0x0000461e       0x36 c:/program files (x86)/atmel/studio/7.0/toolchain/avr8/avr8-gnu-toolchain/bin/../lib/gcc/avr/5.4.0/../../../../avr/lib/avr51\libm.a(fp_arccos.o)
                0x0000461e                __fp_arccos
 .text.avr-libc.fplib
                0x00004654       0x48 c:/program files (x86)/atmel/studio/7.0/toolchain/avr8/avr8-gnu-toolchain/bin/../lib/gcc/avr/5.4.0/../../../../avr/lib/avr51\libm.a(fp_cmp.o)
                0x00004654                __fp_cmp
 .text.avr-libc.fplib
                0x0000469c        0xc c:/program files (x86)/atmel/studio/7.0/toolchain/avr8/avr8-gnu-toolchain/bin/../lib/gcc/avr/5.4.0/../../../../avr/lib/avr51\libm.a(fp_inf.o)
                0x0000469c                __fp_inf
 .text.avr-libc.fplib
                0x000046a8       0x36 c:/program files (x86)/atmel/studio/7.0/toolchain/avr8/avr8-gnu-toolchain/bin/../lib/gcc/avr/5.4.0/../../../../avr/lib/avr51\libm.a(fp_mintl.o)
                0x000046a8                __fp_mintl
 .text.avr-libc.fplib
                0x000046de       0x1c c:/program files (x86)/atmel/studio/7.0/toolchain/avr8/avr8-gnu-toolchain/bin/../lib/gcc/avr/5.4.0/../../../../avr/lib/avr51\libm.a(fp_mpack.o)
                0x000046de                __fp_mpack
                0x000046e2                __fp_mpack_finite
 .text.avr-libc.fplib
                0x000046fa        0x6 c:/program files (x86)/atmel/studio/7.0/toolchain/avr8/avr8-gnu-toolchain/bin/../lib/gcc/avr/5.4.0/../../../../avr/lib/avr51\libm.a(fp_nan.o)
                0x000046fa                __fp_nan
 .text.avr-libc.fplib
                0x00004700       0x4a c:/program files (x86)/atmel/studio/7.0/toolchain/avr8/avr8-gnu-toolchain/bin/../lib/gcc/avr/5.4.0/../../../../avr/lib/avr51\libm.a(fp_powser.o)
                0x00004700                __fp_powser
 .text.avr-libc.fplib
                0x0000474a        0xe c:/program files (x86)/atmel/studio/7.0/toolchain/avr8/avr8-gnu-toolchain/bin/../lib/gcc/avr/5.4.0/../../../../avr/lib/avr51\libm.a(fp_pscA.o)
                0x0000474a                __fp_pscA
 .text.avr-libc.fplib
                0x00004758        0xe c:/program files (x86)/atmel/studio/7.0/toolchain/avr8/avr8-gnu-toolchain/bin/../lib/gcc/avr/5.4.0/../../../../avr/lib/avr51\libm.a(fp_pscB.o)
                0x00004758                __fp_pscB
 .text.avr-libc.fplib
                0x00004766       0x50 c:/program files (x86)/atmel/studio/7.0/toolchain/avr8/avr8-gnu-toolchain/bin/../lib/gcc/avr/5.4.0/../../../../avr/lib/avr51\libm.a(fp_rempio2.o)
                0x00004768                __fp_rempio2
 .text.avr-libc.fplib
                0x000047b6       0x22 c:/program files (x86)/atmel/studio/7.0/toolchain/avr8/avr8-gnu-toolchain/bin/../lib/gcc/avr/5.4.0/../../../../avr/lib/avr51\libm.a(fp_round.o)
                0x000047b6                __fp_round
 .text.avr-libc.fplib
                0x000047d8       0x44 c:/program files (x86)/atmel/studio/7.0/toolchain/avr8/avr8-gnu-toolchain/bin/../lib/gcc/avr/5.4.0/../../../../avr/lib/avr51\libm.a(fp_split3.o)
                0x000047d8                __fp_split3
                0x000047e8                __fp_splitA
 .text.avr-libc.fplib
                0x0000481c       0x2e c:/program files (x86)/atmel/studio/7.0/toolchain/avr8/avr8-gnu-toolchain/bin/../lib/gcc/avr/5.4.0/../../../../avr/lib/avr51\libm.a(fp_trunc.o)
                0x0000481c                __fp_trunc
 .text.avr-libc.fplib
                0x0000484a        0xe c:/program files (x86)/atmel/studio/7.0/toolchain/avr8/avr8-gnu-toolchain/bin/../lib/gcc/avr/5.4.0/../../../../avr/lib/avr51\libm.a(fp_zero.o)
                0x0000484a                __fp_zero
                0x0000484c                __fp_szero
 .text.avr-libc.fplib
                0x00004858        0x8 c:/program files (x86)/atmel/studio/7.0/toolchain/avr8/avr8-gnu-toolchain/bin/../lib/gcc/avr/5.4.0/../../../../avr/lib/avr51\libm.a(gesf2.o)
                0x00004858                __gesf2
                0x00004858                __gtsf2
 .text.avr-libc.fplib
                0x00004860        0xe c:/program files (x86)/atmel/studio/7.0/toolchain/avr8/avr8-gnu-toolchain/bin/../lib/gcc/avr/5.4.0/../../../../avr/lib/avr51\libm.a(inverse.o)
                0x00004860                inverse
 .text.avr-libc.fplib
                0x0000486e        0x4 c:/program files (x86)/atmel/studio/7.0/toolchain/avr8/avr8-gnu-toolchain/bin/../lib/gcc/avr/5.4.0/../../../../avr/lib/avr51\libm.a(mulsf3.o)
                0x0000486e                __mulsf3
 .text.avr-libc.fplib
                0x00004872       0xc2 c:/program files (x86)/atmel/studio/7.0/toolchain/avr8/avr8-gnu-toolchain/bin/../lib/gcc/avr/5.4.0/../../../../avr/lib/avr51\libm.a(mulsf3x.o)
                0x00004886                __mulsf3x
                0x0000488a                __mulsf3_pse
 .text.avr-libc.fplib
                0x00004934       0x40 c:/program files (x86)/atmel/studio/7.0/toolchain/avr8/avr8-gnu-toolchain/bin/../lib/gcc/avr/5.4.0/../../../../avr/lib/avr51\libm.a(round.o)
                0x00004934                round
 .text.avr-libc.fplib
                0x00004974       0x84 c:/program files (x86)/atmel/studio/7.0/toolchain/avr8/avr8-gnu-toolchain/bin/../lib/gcc/avr/5.4.0/../../../../avr/lib/avr51\libm.a(sqrt.o)
                0x0000497c                sqrtf
                0x0000497c                sqrt
 .text.avr-libc.fplib
                0x000049f8        0x6 c:/program files (x86)/atmel/studio/7.0/toolchain/avr8/avr8-gnu-toolchain/bin/../lib/gcc/avr/5.4.0/../../../../avr/lib/avr51\libm.a(square.o)
                0x000049f8                square
 .text.avr-libc.fplib
                0x000049fe       0x40 c:/program files (x86)/atmel/studio/7.0/toolchain/avr8/avr8-gnu-toolchain/bin/../lib/gcc/avr/5.4.0/../../../../avr/lib/avr51\libm.a(tan.o)
                0x000049fe                tan
 .text.avr-libc.fplib
                0x00004a3e        0xe c:/program files (x86)/atmel/studio/7.0/toolchain/avr8/avr8-gnu-toolchain/bin/../lib/gcc/avr/5.4.0/../../../../avr/lib/avr51\libm.a(fp_norm2.o)
                0x00004a3e                __fp_norm2
 .text.avr-libc.fplib
                0x00004a4c       0x22 c:/program files (x86)/atmel/studio/7.0/toolchain/avr8/avr8-gnu-toolchain/bin/../lib/gcc/avr/5.4.0/../../../../avr/lib/avr51\libm.a(fp_powsodd.o)
                0x00004a4c                __fp_powsodd
 .text.libgcc.div
                0x00004a6e       0x28 c:/program files (x86)/atmel/studio/7.0/toolchain/avr8/avr8-gnu-toolchain/bin/../lib/gcc/avr/5.4.0/avr51\libgcc.a(_udivmodhi4.o)
                0x00004a6e                __udivmodhi4
 .text.libgcc.div
                0x00004a96       0x26 c:/program files (x86)/atmel/studio/7.0/toolchain/avr8/avr8-gnu-toolchain/bin/../lib/gcc/avr/5.4.0/avr51\libgcc.a(_divmodhi4.o)
                0x00004a96                _div
                0x00004a96                __divmodhi4
 .text.libgcc.div
                0x00004abc       0x44 c:/program files (x86)/atmel/studio/7.0/toolchain/avr8/avr8-gnu-toolchain/bin/../lib/gcc/avr/5.4.0/avr51\libgcc.a(_udivmodsi4.o)
                0x00004abc                __udivmodsi4
 .text.libgcc   0x00004b00       0x12 c:/program files (x86)/atmel/studio/7.0/toolchain/avr8/avr8-gnu-toolchain/bin/../lib/gcc/avr/5.4.0/avr51\libgcc.a(_tablejump2.o)
                0x00004b00                __tablejump2__
 .text.libgcc.mul
                0x00004b12       0x1e c:/program files (x86)/atmel/studio/7.0/toolchain/avr8/avr8-gnu-toolchain/bin/../lib/gcc/avr/5.4.0/avr51\libgcc.a(_umulhisi3.o)
                0x00004b12                __umulhisi3
 .text.avr-libc
                0x00004b30       0x5c c:/program files (x86)/atmel/studio/7.0/toolchain/avr8/avr8-gnu-toolchain/bin/../lib/gcc/avr/5.4.0/../../../../avr/lib/avr51\libc.a(sprintf.o)
                0x00004b30                sprintf
 .text.avr-libc
                0x00004b8c      0x3fa c:/program files (x86)/atmel/studio/7.0/toolchain/avr8/avr8-gnu-toolchain/bin/../lib/gcc/avr/5.4.0/../../../../avr/lib/avr51\libc.a(vfprintf_std.o)
                0x00004b8c                vfprintf
 .text.avr-libc
                0x00004f86       0x16 c:/program files (x86)/atmel/studio/7.0/toolchain/avr8/avr8-gnu-toolchain/bin/../lib/gcc/avr/5.4.0/../../../../avr/lib/avr51\libc.a(strnlen_P.o)
                0x00004f86                strnlen_P
 .text.avr-libc
                0x00004f9c       0x16 c:/program files (x86)/atmel/studio/7.0/toolchain/avr8/avr8-gnu-toolchain/bin/../lib/gcc/avr/5.4.0/../../../../avr/lib/avr51\libc.a(strnlen.o)
                0x00004f9c                strnlen
 .text.avr-libc
                0x00004fb2       0x78 c:/program files (x86)/atmel/studio/7.0/toolchain/avr8/avr8-gnu-toolchain/bin/../lib/gcc/avr/5.4.0/../../../../avr/lib/avr51\libc.a(fputc.o)
                0x00004fb2                fputc
 .text.avr-libc
                0x0000502a       0xbc c:/program files (x86)/atmel/studio/7.0/toolchain/avr8/avr8-gnu-toolchain/bin/../lib/gcc/avr/5.4.0/../../../../avr/lib/avr51\libc.a(ultoa_invert.o)
                0x0000502a                __ultoa_invert
 .text.avr-libc
                0x000050e6       0x10 C:/Program Files (x86)/Atmel/Studio/7.0/Packs/atmel/ATmega_DFP/1.2.209/gcc/dev/atmega1284p/avr51\libatmega1284p.a(eerd_byte.o)
                0x000050e6                eeprom_read_byte
 .text.avr-libc
                0x000050f6       0x1c C:/Program Files (x86)/Atmel/Studio/7.0/Packs/atmel/ATmega_DFP/1.2.209/gcc/dev/atmega1284p/avr51\libatmega1284p.a(eewr_byte.o)
                0x000050f6                eeprom_write_byte
                0x000050f8                eeprom_write_r18
                0x00005112                . = ALIGN (0x2)
 *(.fini9)
 .fini9         0x00005112        0x0 c:/program files (x86)/atmel/studio/7.0/toolchain/avr8/avr8-gnu-toolchain/bin/../lib/gcc/avr/5.4.0/avr51\libgcc.a(_exit.o)
                0x00005112                _exit
                0x00005112                exit
 *(.fini9)
 *(.fini8)
 *(.fini8)
 *(.fini7)
 *(.fini7)
 *(.fini6)
 *(.fini6)
 *(.fini5)
 *(.fini5)
 *(.fini4)
 *(.fini4)
 *(.fini3)
 *(.fini3)
 *(.fini2)
 *(.fini2)
 *(.fini1)
 *(.fini1)
 *(.fini0)
 .fini0         0x00005112        0x4 c:/program files (x86)/atmel/studio/7.0/toolchain/avr8/avr8-gnu-toolchain/bin/../lib/gcc/avr/5.4.0/avr51\libgcc.a(_exit.o)
 *(.fini0)
                0x00005116                _etext = .

.data           0x00800100      0x1ea load address 0x00005116
                0x00800100                PROVIDE (__data_start, .)
 *(.data)
 *(.data*)
 .data.srf04PinEcho
                0x00800100        0x2 Cmps/CmpSRF04.o
                0x00800100                srf04PinEcho
 .data.i2cPins  0x00800102        0x2 Drv/DrvTwi.o
                0x00800102                i2cPins
 .data.uartPins
                0x00800104        0x4 Drv/DrvUart.o
                0x00800104                uartPins
 .data.core     0x00800108        0xe Srv/SrvCore.o
                0x00800108                core
 .data.coreServices
                0x00800116       0x1a Srv/SrvCore.o
                0x00800116                coreServices
 .data.coreDrivers
                0x00800130       0x23 Srv/SrvCore.o
                0x00800130                coreDrivers
 .data.rippleSteps
                0x00800153       0x30 Srv/SrvWalk.o
 .data.waveSteps
                0x00800183       0x48 Srv/SrvWalk.o
 .data.tripodSteps
                0x008001cb       0x18 Srv/SrvWalk.o
 *(.gnu.linkonce.d*)
 *(.rodata)
 *(.rodata*)
 .rodata.ioTable
                0x008001e3       0xe0 Drv/DrvIo.o
 .rodata.str1.1
                0x008002c3       0x26 Srv/SrvComm.o
                                 0x39 (size before relaxing)
 *(.gnu.linkonce.r*)
                0x008002ea                . = ALIGN (0x2)
 *fill*         0x008002e9        0x1 
                0x008002ea                _edata = .
                0x008002ea                PROVIDE (__data_end, .)

.bss            0x008002ea      0xbda
                0x008002ea                PROVIDE (__bss_start, .)
 *(.bss)
 *(.bss*)
 .bss.distance  0x008002ea        0x4 Cmps/CmpSRF04.o
                0x008002ea                distance
 .bss.timeoutEcho
                0x008002ee        0x4 Cmps/CmpSRF04.o
                0x008002ee                timeoutEcho
 .bss.timeBeforeEchoStart
                0x008002f2        0x8 Cmps/CmpSRF04.o
                0x008002f2                timeBeforeEchoStart
 .bss.statusEcho
                0x008002fa        0x2 Cmps/CmpSRF04.o
                0x008002fa                statusEcho
 .bss.legIndexInitialization
                0x008002fc        0x1 Drv/DrvLeg.o
                0x008002fc                legIndexInitialization
 .bss.prevMillisServosInitialize
                0x008002fd        0x4 Drv/DrvLeg.o
                0x008002fd                prevMillisServosInitialize
 .bss.legs      0x00800301       0xfd Drv/DrvLeg.o
 .bss.switchPCA9685
                0x008003fe        0x1 Drv/DrvServo.o
                0x008003fe                switchPCA9685
 .bss.servos    0x008003ff       0xe4 Drv/DrvServo.o
 .bss.data      0x008004e3        0x1 Drv/DrvSpi.o
                0x008004e3                data
 .bss.tickCounter
                0x008004e4        0x4 Drv/DrvTick.o
 .bss.errorsCount
                0x008004e8        0x2 Drv/DrvTwi.o
 .bss.uartRingBuffer
                0x008004ea      0x808 Drv/DrvUart.o
 .bss.toto      0x00800cf2        0x1 Srv/SrvGait.o
 .bss.prevMillisGait
                0x00800cf3        0x4 Srv/SrvGait.o
                0x00800cf3                prevMillisGait
 .bss.countData
                0x00800cf7        0x1 Srv/SrvComm.o
                0x00800cf7                countData
 .bss.errorMessage
                0x00800cf8        0x1 Srv/SrvComm.o
                0x00800cf8                errorMessage
 .bss.uartUsing
                0x00800cf9        0x1 Srv/SrvComm.o
                0x00800cf9                uartUsing
 .bss.sendPeriodic
                0x00800cfa        0x1 Srv/SrvComm.o
                0x00800cfa                sendPeriodic
 .bss.prevMillisSendPeriodic
                0x00800cfb        0x4 Srv/SrvComm.o
                0x00800cfb                prevMillisSendPeriodic
 .bss.response  0x00800cff       0x64 Srv/SrvComm.o
 .bss.inMessage
                0x00800d63       0x36 Srv/SrvComm.o
 .bss.status    0x00800d99        0x1 Srv/SrvComm.o
 .bss.nbDataAvailable
                0x00800d9a        0x2 Srv/SrvComm.o
 .bss.head      0x00800d9c        0x7 Srv/SrvHead.o
 .bss.imu       0x00800da3       0x1e Srv/SrvImuSimple.o
 *(COMMON)
 COMMON         0x00800dc1       0x80 Cmps/CmpPCA9685.o
                0x00800dc1                pwmOutpus
 COMMON         0x00800e41        0x2 Cmps/CmpSRF04.o
                0x00800e41                levelPin
 COMMON         0x00800e43        0x9 Drv/DrvTimer.o
                0x00800e43                MesTimers
 COMMON         0x00800e4c       0x24 Srv/SrvGait.o
                0x00800e4c                positionPath
 COMMON         0x00800e70       0x21 Srv/SrvBodyMove.o
                0x00800e70                bodyMove
 COMMON         0x00800e91        0x6 Srv/SrvFeeling.o
                0x00800e91                feeling
 COMMON         0x00800e97        0xf Srv/SrvDetection.o
                0x00800e97                detection
 COMMON         0x00800ea6       0x1e Srv/SrvWalk.o
                0x00800ea6                walkPrivate
                0x00800ec4                PROVIDE (__bss_end, .)
                0x00005116                __data_load_start = LOADADDR (.data)
                0x00005300                __data_load_end = (__data_load_start + SIZEOF (.data))

.noinit         0x00800ec4        0x0
                [!provide]                PROVIDE (__noinit_start, .)
 *(.noinit*)
                [!provide]                PROVIDE (__noinit_end, .)
                0x00800ec4                _end = .
                [!provide]                PROVIDE (__heap_start, .)

.eeprom         0x00810000        0x0
 *(.eeprom*)
                0x00810000                __eeprom_end = .

.fuse
 *(.fuse)
 *(.lfuse)
 *(.hfuse)
 *(.efuse)

.lock
 *(.lock*)

.signature
 *(.signature*)

.user_signatures
 *(.user_signatures*)

.stab
 *(.stab)

.stabstr
 *(.stabstr)

.stab.excl
 *(.stab.excl)

.stab.exclstr
 *(.stab.exclstr)

.stab.index
 *(.stab.index)

.stab.indexstr
 *(.stab.indexstr)

.comment        0x00000000       0x5c
 *(.comment)
 .comment       0x00000000       0x30 Cmps/CmpPCA9685.o
                                 0x31 (size before relaxing)
 .comment       0x00000030       0x31 Cmps/CmpSRF04.o
 .comment       0x00000030       0x31 Drv/DrvEeprom.o
 .comment       0x00000030       0x31 Drv/DrvIo.o
 .comment       0x00000030       0x31 Drv/DrvLeg.o
 .comment       0x00000030       0x31 Drv/DrvServo.o
 .comment       0x00000030       0x31 Drv/DrvSpi.o
 .comment       0x00000030       0x31 Drv/DrvTick.o
 .comment       0x00000030       0x31 Drv/DrvTimer.o
 .comment       0x00000030       0x31 Drv/DrvTwi.o
 .comment       0x00000030       0x31 Drv/DrvUart.o
 .comment       0x00000030       0x31 main.o
 .comment       0x00000030       0x31 Srv/SrvGait.o
 .comment       0x00000030       0x31 Srv/SrvBodyMove.o
 .comment       0x00000030       0x31 Srv/SrvComm.o
 .comment       0x00000030       0x31 Srv/SrvCore.o
 .comment       0x00000030       0x31 Srv/SrvFeeling.o
 .comment       0x00000030       0x31 Srv/SrvHead.o
 .comment       0x00000030       0x31 Srv/SrvImuSimple.o
 .comment       0x00000030       0x31 Srv/SrvDetection.o
 .comment       0x00000030       0x31 Srv/SrvWalk.o
 .comment       0x00000030       0x31 c:/program files (x86)/atmel/studio/7.0/toolchain/avr8/avr8-gnu-toolchain/bin/../lib/gcc/avr/5.4.0/../../../../avr/lib/avr51\libc.a(sprintf.o)
 .comment       0x00000030       0x2c c:/program files (x86)/atmel/studio/7.0/toolchain/avr8/avr8-gnu-toolchain/bin/../lib/gcc/avr/5.4.0/../../../../avr/lib/avr51\libc.a(vfprintf_std.o)
                                 0x2d (size before relaxing)
 .comment       0x0000005c       0x31 c:/program files (x86)/atmel/studio/7.0/toolchain/avr8/avr8-gnu-toolchain/bin/../lib/gcc/avr/5.4.0/../../../../avr/lib/avr51\libc.a(fputc.o)

.note.gnu.avr.deviceinfo
                0x00000000       0x40
 .note.gnu.avr.deviceinfo
                0x00000000       0x40 C:/Program Files (x86)/Atmel/Studio/7.0/Packs/atmel/ATmega_DFP/1.2.209/gcc/dev/atmega1284p/avr51/crtatmega1284p.o

.note.gnu.build-id
 *(.note.gnu.build-id)

.debug
 *(.debug)

.line
 *(.line)

.debug_srcinfo
 *(.debug_srcinfo)

.debug_sfnames
 *(.debug_sfnames)

.debug_aranges  0x00000000      0x750
 *(.debug_aranges)
 .debug_aranges
                0x00000000       0x40 Cmps/CmpPCA9685.o
 .debug_aranges
                0x00000040       0x38 Cmps/CmpSRF04.o
 .debug_aranges
                0x00000078       0x80 Drv/DrvEeprom.o
 .debug_aranges
                0x000000f8       0x50 Drv/DrvIo.o
 .debug_aranges
                0x00000148       0x78 Drv/DrvLeg.o
 .debug_aranges
                0x000001c0       0x48 Drv/DrvServo.o
 .debug_aranges
                0x00000208       0x58 Drv/DrvSpi.o
 .debug_aranges
                0x00000260       0x50 Drv/DrvTick.o
 .debug_aranges
                0x000002b0       0x58 Drv/DrvTimer.o
 .debug_aranges
                0x00000308       0x58 Drv/DrvTwi.o
 .debug_aranges
                0x00000360       0x80 Drv/DrvUart.o
 .debug_aranges
                0x000003e0       0x20 main.o
 .debug_aranges
                0x00000400       0x28 Srv/SrvGait.o
 .debug_aranges
                0x00000428       0x78 Srv/SrvBodyMove.o
 .debug_aranges
                0x000004a0       0x40 Srv/SrvComm.o
 .debug_aranges
                0x000004e0       0x30 Srv/SrvCore.o
 .debug_aranges
                0x00000510       0x40 Srv/SrvFeeling.o
 .debug_aranges
                0x00000550       0x78 Srv/SrvHead.o
 .debug_aranges
                0x000005c8       0x70 Srv/SrvImuSimple.o
 .debug_aranges
                0x00000638       0x68 Srv/SrvDetection.o
 .debug_aranges
                0x000006a0       0x70 Srv/SrvWalk.o
 .debug_aranges
                0x00000710       0x20 C:/Program Files (x86)/Atmel/Studio/7.0/Packs/atmel/ATmega_DFP/1.2.209/gcc/dev/atmega1284p/avr51\libatmega1284p.a(eerd_byte.o)
 .debug_aranges
                0x00000730       0x20 C:/Program Files (x86)/Atmel/Studio/7.0/Packs/atmel/ATmega_DFP/1.2.209/gcc/dev/atmega1284p/avr51\libatmega1284p.a(eewr_byte.o)

.debug_pubnames
 *(.debug_pubnames)

.debug_info     0x00000000     0x88f5
 *(.debug_info .gnu.linkonce.wi.*)
 .debug_info    0x00000000      0x792 C:/Program Files (x86)/Atmel/Studio/7.0/Packs/atmel/ATmega_DFP/1.2.209/gcc/dev/atmega1284p/avr51/crtatmega1284p.o
 .debug_info    0x00000792      0x4c4 Cmps/CmpPCA9685.o
 .debug_info    0x00000c56      0x509 Cmps/CmpSRF04.o
 .debug_info    0x0000115f      0x608 Drv/DrvEeprom.o
 .debug_info    0x00001767      0x3bc Drv/DrvIo.o
 .debug_info    0x00001b23      0xc52 Drv/DrvLeg.o
 .debug_info    0x00002775      0x425 Drv/DrvServo.o
 .debug_info    0x00002b9a      0x518 Drv/DrvSpi.o
 .debug_info    0x000030b2      0x24c Drv/DrvTick.o
 .debug_info    0x000032fe      0x39d Drv/DrvTimer.o
 .debug_info    0x0000369b      0x5c0 Drv/DrvTwi.o
 .debug_info    0x00003c5b      0x563 Drv/DrvUart.o
 .debug_info    0x000041be      0x13e main.o
 .debug_info    0x000042fc      0x234 Srv/SrvGait.o
 .debug_info    0x00004530      0x58d Srv/SrvBodyMove.o
 .debug_info    0x00004abd     0x1d64 Srv/SrvComm.o
 .debug_info    0x00006821      0x44c Srv/SrvCore.o
 .debug_info    0x00006c6d      0x26b Srv/SrvFeeling.o
 .debug_info    0x00006ed8      0x4c9 Srv/SrvHead.o
 .debug_info    0x000073a1      0x685 Srv/SrvImuSimple.o
 .debug_info    0x00007a26      0x4b2 Srv/SrvDetection.o
 .debug_info    0x00007ed8      0x8c1 Srv/SrvWalk.o
 .debug_info    0x00008799       0xae C:/Program Files (x86)/Atmel/Studio/7.0/Packs/atmel/ATmega_DFP/1.2.209/gcc/dev/atmega1284p/avr51\libatmega1284p.a(eerd_byte.o)
 .debug_info    0x00008847       0xae C:/Program Files (x86)/Atmel/Studio/7.0/Packs/atmel/ATmega_DFP/1.2.209/gcc/dev/atmega1284p/avr51\libatmega1284p.a(eewr_byte.o)

.debug_abbrev   0x00000000     0x2996
 *(.debug_abbrev)
 .debug_abbrev  0x00000000      0x729 C:/Program Files (x86)/Atmel/Studio/7.0/Packs/atmel/ATmega_DFP/1.2.209/gcc/dev/atmega1284p/avr51/crtatmega1284p.o
 .debug_abbrev  0x00000729      0x1d1 Cmps/CmpPCA9685.o
 .debug_abbrev  0x000008fa      0x150 Cmps/CmpSRF04.o
 .debug_abbrev  0x00000a4a      0x1ae Drv/DrvEeprom.o
 .debug_abbrev  0x00000bf8      0x11a Drv/DrvIo.o
 .debug_abbrev  0x00000d12      0x33e Drv/DrvLeg.o
 .debug_abbrev  0x00001050      0x182 Drv/DrvServo.o
 .debug_abbrev  0x000011d2      0x154 Drv/DrvSpi.o
 .debug_abbrev  0x00001326      0x123 Drv/DrvTick.o
 .debug_abbrev  0x00001449      0x158 Drv/DrvTimer.o
 .debug_abbrev  0x000015a1      0x175 Drv/DrvTwi.o
 .debug_abbrev  0x00001716      0x18d Drv/DrvUart.o
 .debug_abbrev  0x000018a3       0xb7 main.o
 .debug_abbrev  0x0000195a      0x136 Srv/SrvGait.o
 .debug_abbrev  0x00001a90      0x1dc Srv/SrvBodyMove.o
 .debug_abbrev  0x00001c6c      0x2f2 Srv/SrvComm.o
 .debug_abbrev  0x00001f5e      0x150 Srv/SrvCore.o
 .debug_abbrev  0x000020ae      0x113 Srv/SrvFeeling.o
 .debug_abbrev  0x000021c1      0x17b Srv/SrvHead.o
 .debug_abbrev  0x0000233c      0x1d0 Srv/SrvImuSimple.o
 .debug_abbrev  0x0000250c      0x193 Srv/SrvDetection.o
 .debug_abbrev  0x0000269f      0x2cf Srv/SrvWalk.o
 .debug_abbrev  0x0000296e       0x14 C:/Program Files (x86)/Atmel/Studio/7.0/Packs/atmel/ATmega_DFP/1.2.209/gcc/dev/atmega1284p/avr51\libatmega1284p.a(eerd_byte.o)
 .debug_abbrev  0x00002982       0x14 C:/Program Files (x86)/Atmel/Studio/7.0/Packs/atmel/ATmega_DFP/1.2.209/gcc/dev/atmega1284p/avr51\libatmega1284p.a(eewr_byte.o)

.debug_line     0x00000000     0x8add
 *(.debug_line .debug_line.* .debug_line_end)
 .debug_line    0x00000000      0x169 C:/Program Files (x86)/Atmel/Studio/7.0/Packs/atmel/ATmega_DFP/1.2.209/gcc/dev/atmega1284p/avr51/crtatmega1284p.o
 .debug_line    0x00000169      0x515 Cmps/CmpPCA9685.o
 .debug_line    0x0000067e      0x53d Cmps/CmpSRF04.o
 .debug_line    0x00000bbb      0x56b Drv/DrvEeprom.o
 .debug_line    0x00001126      0x519 Drv/DrvIo.o
 .debug_line    0x0000163f      0xa35 Drv/DrvLeg.o
 .debug_line    0x00002074      0x5c6 Drv/DrvServo.o
 .debug_line    0x0000263a      0x4fd Drv/DrvSpi.o
 .debug_line    0x00002b37      0x506 Drv/DrvTick.o
 .debug_line    0x0000303d      0x578 Drv/DrvTimer.o
 .debug_line    0x000035b5      0x875 Drv/DrvTwi.o
 .debug_line    0x00003e2a      0x62b Drv/DrvUart.o
 .debug_line    0x00004455      0x418 main.o
 .debug_line    0x0000486d      0x4b3 Srv/SrvGait.o
 .debug_line    0x00004d20      0x6f0 Srv/SrvBodyMove.o
 .debug_line    0x00005410      0xf62 Srv/SrvComm.o
 .debug_line    0x00006372      0x70c Srv/SrvCore.o
 .debug_line    0x00006a7e      0x4e9 Srv/SrvFeeling.o
 .debug_line    0x00006f67      0x5b3 Srv/SrvHead.o
 .debug_line    0x0000751a      0x5fc Srv/SrvImuSimple.o
 .debug_line    0x00007b16      0x635 Srv/SrvDetection.o
 .debug_line    0x0000814b      0x87a Srv/SrvWalk.o
 .debug_line    0x000089c5       0x7a C:/Program Files (x86)/Atmel/Studio/7.0/Packs/atmel/ATmega_DFP/1.2.209/gcc/dev/atmega1284p/avr51\libatmega1284p.a(eerd_byte.o)
 .debug_line    0x00008a3f       0x9e C:/Program Files (x86)/Atmel/Studio/7.0/Packs/atmel/ATmega_DFP/1.2.209/gcc/dev/atmega1284p/avr51\libatmega1284p.a(eewr_byte.o)

.debug_frame    0x00000000     0x1518
 *(.debug_frame)
 .debug_frame   0x00000000       0xa0 Cmps/CmpPCA9685.o
 .debug_frame   0x000000a0      0x12c Cmps/CmpSRF04.o
 .debug_frame   0x000001cc      0x114 Drv/DrvEeprom.o
 .debug_frame   0x000002e0       0x84 Drv/DrvIo.o
 .debug_frame   0x00000364      0x270 Drv/DrvLeg.o
 .debug_frame   0x000005d4       0x98 Drv/DrvServo.o
 .debug_frame   0x0000066c      0x11c Drv/DrvSpi.o
 .debug_frame   0x00000788       0xb8 Drv/DrvTick.o
 .debug_frame   0x00000840       0xec Drv/DrvTimer.o
 .debug_frame   0x0000092c      0x178 Drv/DrvTwi.o
 .debug_frame   0x00000aa4      0x1b8 Drv/DrvUart.o
 .debug_frame   0x00000c5c       0x24 main.o
 .debug_frame   0x00000c80       0x68 Srv/SrvGait.o
 .debug_frame   0x00000ce8      0x16c Srv/SrvBodyMove.o
 .debug_frame   0x00000e54      0x160 Srv/SrvComm.o
 .debug_frame   0x00000fb4       0xdc Srv/SrvCore.o
 .debug_frame   0x00001090       0x8c Srv/SrvFeeling.o
 .debug_frame   0x0000111c       0xe0 Srv/SrvHead.o
 .debug_frame   0x000011fc      0x110 Srv/SrvImuSimple.o
 .debug_frame   0x0000130c       0xc4 Srv/SrvDetection.o
 .debug_frame   0x000013d0      0x148 Srv/SrvWalk.o

.debug_str      0x00000000    0x12267
 *(.debug_str)
 .debug_str     0x00000000      0x296 C:/Program Files (x86)/Atmel/Studio/7.0/Packs/atmel/ATmega_DFP/1.2.209/gcc/dev/atmega1284p/avr51/crtatmega1284p.o
 .debug_str     0x00000296     0xc62a Cmps/CmpPCA9685.o
                               0xc87d (size before relaxing)
 .debug_str     0x0000c8c0      0x3dc Cmps/CmpSRF04.o
                               0xc9ad (size before relaxing)
 .debug_str     0x0000cc9c      0x29e Drv/DrvEeprom.o
                               0xc873 (size before relaxing)
 .debug_str     0x0000cf3a       0x6c Drv/DrvIo.o
                               0xc86b (size before relaxing)
 .debug_str     0x0000cfa6     0x1326 Drv/DrvLeg.o
                               0xd921 (size before relaxing)
 .debug_str     0x0000e2cc       0xb4 Drv/DrvServo.o
                               0xc97e (size before relaxing)
 .debug_str     0x0000e380      0x109 Drv/DrvSpi.o
                               0xc8dc (size before relaxing)
 .debug_str     0x0000e489       0x8b Drv/DrvTick.o
                               0xc6a2 (size before relaxing)
 .debug_str     0x0000e514      0x20e Drv/DrvTimer.o
                               0xc7f4 (size before relaxing)
 .debug_str     0x0000e722      0x3ae Drv/DrvTwi.o
                               0xcbd1 (size before relaxing)
 .debug_str     0x0000ead0      0x20a Drv/DrvUart.o
                               0xc9cf (size before relaxing)
 .debug_str     0x0000ecda       0x40 main.o
                               0xc5fe (size before relaxing)
 .debug_str     0x0000ed1a       0x58 Srv/SrvGait.o
                               0xd603 (size before relaxing)
 .debug_str     0x0000ed72      0x25b Srv/SrvBodyMove.o
                               0xd7fb (size before relaxing)
 .debug_str     0x0000efcd     0x296b Srv/SrvComm.o
                              0x10283 (size before relaxing)
 .debug_str     0x00011938      0x22d Srv/SrvCore.o
                               0xfb32 (size before relaxing)
 .debug_str     0x00011b65       0x92 Srv/SrvFeeling.o
                               0xc754 (size before relaxing)
 .debug_str     0x00011bf7      0x195 Srv/SrvHead.o
                               0xd8a3 (size before relaxing)
 .debug_str     0x00011d8c      0x1fd Srv/SrvImuSimple.o
                               0xd5a6 (size before relaxing)
 .debug_str     0x00011f89      0x152 Srv/SrvDetection.o
                               0xd344 (size before relaxing)
 .debug_str     0x000120db      0x18c Srv/SrvWalk.o
                               0xd96b (size before relaxing)

.debug_loc      0x00000000     0x6181
 *(.debug_loc)
 .debug_loc     0x00000000      0x34c Cmps/CmpPCA9685.o
 .debug_loc     0x0000034c      0x37e Cmps/CmpSRF04.o
 .debug_loc     0x000006ca      0x3cf Drv/DrvEeprom.o
 .debug_loc     0x00000a99      0x29b Drv/DrvIo.o
 .debug_loc     0x00000d34     0x100a Drv/DrvLeg.o
 .debug_loc     0x00001d3e      0x217 Drv/DrvServo.o
 .debug_loc     0x00001f55      0x4c8 Drv/DrvSpi.o
 .debug_loc     0x0000241d      0x1b0 Drv/DrvTick.o
 .debug_loc     0x000025cd      0x242 Drv/DrvTimer.o
 .debug_loc     0x0000280f      0x96f Drv/DrvTwi.o
 .debug_loc     0x0000317e      0x4c4 Drv/DrvUart.o
 .debug_loc     0x00003642       0x28 main.o
 .debug_loc     0x0000366a       0xac Srv/SrvGait.o
 .debug_loc     0x00003716      0x632 Srv/SrvBodyMove.o
 .debug_loc     0x00003d48     0x16b6 Srv/SrvComm.o
 .debug_loc     0x000053fe      0x2ff Srv/SrvCore.o
 .debug_loc     0x000056fd       0xb3 Srv/SrvFeeling.o
 .debug_loc     0x000057b0      0x1a0 Srv/SrvHead.o
 .debug_loc     0x00005950      0x297 Srv/SrvImuSimple.o
 .debug_loc     0x00005be7       0x7e Srv/SrvDetection.o
 .debug_loc     0x00005c65      0x51c Srv/SrvWalk.o

.debug_macinfo
 *(.debug_macinfo)

.debug_weaknames
 *(.debug_weaknames)

.debug_funcnames
 *(.debug_funcnames)

.debug_typenames
 *(.debug_typenames)

.debug_varnames
 *(.debug_varnames)

.debug_pubtypes
 *(.debug_pubtypes)

.debug_ranges   0x00000000      0x728
 *(.debug_ranges)
 .debug_ranges  0x00000000       0x30 Cmps/CmpPCA9685.o
 .debug_ranges  0x00000030       0x40 Cmps/CmpSRF04.o
 .debug_ranges  0x00000070       0x70 Drv/DrvEeprom.o
 .debug_ranges  0x000000e0       0x40 Drv/DrvIo.o
 .debug_ranges  0x00000120       0x80 Drv/DrvLeg.o
 .debug_ranges  0x000001a0       0x38 Drv/DrvServo.o
 .debug_ranges  0x000001d8       0x48 Drv/DrvSpi.o
 .debug_ranges  0x00000220       0x40 Drv/DrvTick.o
 .debug_ranges  0x00000260       0x48 Drv/DrvTimer.o
 .debug_ranges  0x000002a8       0x78 Drv/DrvTwi.o
 .debug_ranges  0x00000320       0x70 Drv/DrvUart.o
 .debug_ranges  0x00000390       0x10 main.o
 .debug_ranges  0x000003a0       0x18 Srv/SrvGait.o
 .debug_ranges  0x000003b8       0x68 Srv/SrvBodyMove.o
 .debug_ranges  0x00000420       0xd8 Srv/SrvComm.o
 .debug_ranges  0x000004f8       0x68 Srv/SrvCore.o
 .debug_ranges  0x00000560       0x30 Srv/SrvFeeling.o
 .debug_ranges  0x00000590       0x68 Srv/SrvHead.o
 .debug_ranges  0x000005f8       0x60 Srv/SrvImuSimple.o
 .debug_ranges  0x00000658       0x58 Srv/SrvDetection.o
 .debug_ranges  0x000006b0       0x78 Srv/SrvWalk.o

.debug_macro    0x00000000     0x29ec
 *(.debug_macro)
 .debug_macro   0x00000000      0x195 Cmps/CmpPCA9685.o
 .debug_macro   0x00000195       0x76 Cmps/CmpPCA9685.o
 .debug_macro   0x0000020b      0x192 Cmps/CmpSRF04.o
 .debug_macro   0x0000039d      0x1a6 Drv/DrvEeprom.o
 .debug_macro   0x00000543      0x16e Drv/DrvIo.o
 .debug_macro   0x000006b1      0x19a Drv/DrvLeg.o
 .debug_macro   0x0000084b       0x3a Drv/DrvLeg.o
 .debug_macro   0x00000885      0x1f6 Drv/DrvLeg.o
 .debug_macro   0x00000a7b      0x1ac Drv/DrvServo.o
 .debug_macro   0x00000c27       0x34 Drv/DrvServo.o
 .debug_macro   0x00000c5b      0x174 Drv/DrvSpi.o
 .debug_macro   0x00000dcf      0x17e Drv/DrvTick.o
 .debug_macro   0x00000f4d      0x184 Drv/DrvTimer.o
 .debug_macro   0x000010d1      0x18f Drv/DrvTwi.o
 .debug_macro   0x00001260       0xdd Drv/DrvTwi.o
 .debug_macro   0x0000133d      0x186 Drv/DrvUart.o
 .debug_macro   0x000014c3      0x178 main.o
 .debug_macro   0x0000163b      0x1a8 Srv/SrvGait.o
 .debug_macro   0x000017e3      0x1bd Srv/SrvBodyMove.o
 .debug_macro   0x000019a0      0x240 Srv/SrvComm.o
 .debug_macro   0x00001be0      0x136 Srv/SrvComm.o
 .debug_macro   0x00001d16       0x1c Srv/SrvComm.o
 .debug_macro   0x00001d32       0x16 Srv/SrvComm.o
 .debug_macro   0x00001d48       0x3a Srv/SrvComm.o
 .debug_macro   0x00001d82      0x2c5 Srv/SrvCore.o
 .debug_macro   0x00002047       0x16 Srv/SrvCore.o
 .debug_macro   0x0000205d      0x13c Srv/SrvCore.o
 .debug_macro   0x00002199      0x194 Srv/SrvFeeling.o
 .debug_macro   0x0000232d      0x1b9 Srv/SrvHead.o
 .debug_macro   0x000024e6      0x199 Srv/SrvImuSimple.o
 .debug_macro   0x0000267f      0x1a2 Srv/SrvDetection.o
 .debug_macro   0x00002821      0x1cb Srv/SrvWalk.o
OUTPUT(hexapod.elf elf32-avr)
LOAD linker stubs
