Archive member included to satisfy reference by file (symbol)

c:/program files (x86)/atmel/studio/7.0/toolchain/avr8/avr8-gnu-toolchain/bin/../lib/gcc/avr/5.4.0/../../../../avr/lib/avr51\libm.a(acos.o)
                              Drv/DrvLeg.o (acos)
c:/program files (x86)/atmel/studio/7.0/toolchain/avr8/avr8-gnu-toolchain/bin/../lib/gcc/avr/5.4.0/../../../../avr/lib/avr51\libm.a(addsf3.o)
                              Cmps/CmpPCA9685.o (__subsf3)
c:/program files (x86)/atmel/studio/7.0/toolchain/avr8/avr8-gnu-toolchain/bin/../lib/gcc/avr/5.4.0/../../../../avr/lib/avr51\libm.a(addsf3x.o)
                              c:/program files (x86)/atmel/studio/7.0/toolchain/avr8/avr8-gnu-toolchain/bin/../lib/gcc/avr/5.4.0/../../../../avr/lib/avr51\libm.a(acos.o) (__addsf3x)
c:/program files (x86)/atmel/studio/7.0/toolchain/avr8/avr8-gnu-toolchain/bin/../lib/gcc/avr/5.4.0/../../../../avr/lib/avr51\libm.a(atan.o)
                              Drv/DrvLeg.o (atan)
c:/program files (x86)/atmel/studio/7.0/toolchain/avr8/avr8-gnu-toolchain/bin/../lib/gcc/avr/5.4.0/../../../../avr/lib/avr51\libm.a(cmpsf2.o)
                              Drv/DrvServo.o (__eqsf2)
c:/program files (x86)/atmel/studio/7.0/toolchain/avr8/avr8-gnu-toolchain/bin/../lib/gcc/avr/5.4.0/../../../../avr/lib/avr51\libm.a(cos.o)
                              Drv/DrvServo.o (cos)
c:/program files (x86)/atmel/studio/7.0/toolchain/avr8/avr8-gnu-toolchain/bin/../lib/gcc/avr/5.4.0/../../../../avr/lib/avr51\libm.a(divsf3.o)
                              Cmps/CmpPCA9685.o (__divsf3)
c:/program files (x86)/atmel/studio/7.0/toolchain/avr8/avr8-gnu-toolchain/bin/../lib/gcc/avr/5.4.0/../../../../avr/lib/avr51\libm.a(divsf3x.o)
                              c:/program files (x86)/atmel/studio/7.0/toolchain/avr8/avr8-gnu-toolchain/bin/../lib/gcc/avr/5.4.0/../../../../avr/lib/avr51\libm.a(divsf3.o) (__divsf3x)
c:/program files (x86)/atmel/studio/7.0/toolchain/avr8/avr8-gnu-toolchain/bin/../lib/gcc/avr/5.4.0/../../../../avr/lib/avr51\libm.a(fixsfsi.o)
                              Drv/DrvLeg.o (__fixsfsi)
c:/program files (x86)/atmel/studio/7.0/toolchain/avr8/avr8-gnu-toolchain/bin/../lib/gcc/avr/5.4.0/../../../../avr/lib/avr51\libm.a(fixunssfsi.o)
                              Cmps/CmpPCA9685.o (__fixunssfsi)
c:/program files (x86)/atmel/studio/7.0/toolchain/avr8/avr8-gnu-toolchain/bin/../lib/gcc/avr/5.4.0/../../../../avr/lib/avr51\libm.a(floatsisf.o)
                              Drv/DrvAdc.o (__floatunsisf)
c:/program files (x86)/atmel/studio/7.0/toolchain/avr8/avr8-gnu-toolchain/bin/../lib/gcc/avr/5.4.0/../../../../avr/lib/avr51\libm.a(floor.o)
                              Cmps/CmpPCA9685.o (floor)
c:/program files (x86)/atmel/studio/7.0/toolchain/avr8/avr8-gnu-toolchain/bin/../lib/gcc/avr/5.4.0/../../../../avr/lib/avr51\libm.a(fp_arccos.o)
                              c:/program files (x86)/atmel/studio/7.0/toolchain/avr8/avr8-gnu-toolchain/bin/../lib/gcc/avr/5.4.0/../../../../avr/lib/avr51\libm.a(acos.o) (__fp_arccos)
c:/program files (x86)/atmel/studio/7.0/toolchain/avr8/avr8-gnu-toolchain/bin/../lib/gcc/avr/5.4.0/../../../../avr/lib/avr51\libm.a(fp_cmp.o)
                              c:/program files (x86)/atmel/studio/7.0/toolchain/avr8/avr8-gnu-toolchain/bin/../lib/gcc/avr/5.4.0/../../../../avr/lib/avr51\libm.a(cmpsf2.o) (__fp_cmp)
c:/program files (x86)/atmel/studio/7.0/toolchain/avr8/avr8-gnu-toolchain/bin/../lib/gcc/avr/5.4.0/../../../../avr/lib/avr51\libm.a(fp_inf.o)
                              c:/program files (x86)/atmel/studio/7.0/toolchain/avr8/avr8-gnu-toolchain/bin/../lib/gcc/avr/5.4.0/../../../../avr/lib/avr51\libm.a(addsf3x.o) (__fp_inf)
c:/program files (x86)/atmel/studio/7.0/toolchain/avr8/avr8-gnu-toolchain/bin/../lib/gcc/avr/5.4.0/../../../../avr/lib/avr51\libm.a(fp_mintl.o)
                              c:/program files (x86)/atmel/studio/7.0/toolchain/avr8/avr8-gnu-toolchain/bin/../lib/gcc/avr/5.4.0/../../../../avr/lib/avr51\libm.a(floor.o) (__fp_mintl)
c:/program files (x86)/atmel/studio/7.0/toolchain/avr8/avr8-gnu-toolchain/bin/../lib/gcc/avr/5.4.0/../../../../avr/lib/avr51\libm.a(fp_mpack.o)
                              c:/program files (x86)/atmel/studio/7.0/toolchain/avr8/avr8-gnu-toolchain/bin/../lib/gcc/avr/5.4.0/../../../../avr/lib/avr51\libm.a(floor.o) (__fp_mpack)
c:/program files (x86)/atmel/studio/7.0/toolchain/avr8/avr8-gnu-toolchain/bin/../lib/gcc/avr/5.4.0/../../../../avr/lib/avr51\libm.a(fp_nan.o)
                              c:/program files (x86)/atmel/studio/7.0/toolchain/avr8/avr8-gnu-toolchain/bin/../lib/gcc/avr/5.4.0/../../../../avr/lib/avr51\libm.a(addsf3x.o) (__fp_nan)
c:/program files (x86)/atmel/studio/7.0/toolchain/avr8/avr8-gnu-toolchain/bin/../lib/gcc/avr/5.4.0/../../../../avr/lib/avr51\libm.a(fp_powser.o)
                              c:/program files (x86)/atmel/studio/7.0/toolchain/avr8/avr8-gnu-toolchain/bin/../lib/gcc/avr/5.4.0/../../../../avr/lib/avr51\libm.a(atan.o) (__fp_powser)
[...]
Memory Configuration

Name             Origin             Length             Attributes
text             0x00000000         0x00020000         xr
data             0x00800100         0x0000ff00         rw !x
eeprom           0x00810000         0x00010000         rw !x
fuse             0x00820000         0x00000003         rw !x
lock             0x00830000         0x00000400         rw !x
signature        0x00840000         0x00000400         rw !x
user_signatures  0x00850000         0x00000400         rw !x
*default*        0x00000000         0xffffffff

Linker script and memory map

Address of section .data set to 0x800100
LOAD C:/Program Files (x86)/Atmel/Studio/7.0/Packs/atmel/ATmega_DFP/1.2.209/gcc/dev/atmega1284p/avr51/crtatmega1284p.o
LOAD Cmps/CmpNRF24L01.o
LOAD Cmps/CmpPCA9685.o
LOAD Drv/DrvAdc.o
LOAD Drv/DrvBitmap.o
LOAD Drv/DrvButton.o
LOAD Drv/DrvEeprom.o
LOAD Drv/DrvFont.o
LOAD Drv/DrvIo.o
LOAD Drv/DrvLed.o
LOAD Drv/DrvLeg.o
LOAD Drv/DrvServo.o
LOAD Drv/DrvSpi.o
LOAD Drv/DrvSSD1306.o
LOAD Drv/DrvTick.o
LOAD Drv/DrvTimer.o
LOAD Drv/DrvTwi.o
LOAD Drv/DrvUart.o
LOAD main.o
LOAD Srv/SrvBattery.o
LOAD Srv/SrvBody.o
LOAD Srv/SrvComm.o
LOAD Srv/SrvDisplay.o
LOAD Srv/SrvIhm.o
LOAD Srv/SrvWalk.o
START GROUP
LOAD c:/program files (x86)/atmel/studio/7.0/toolchain/avr8/avr8-gnu-toolchain/bin/../lib/gcc/avr/5.4.0/../../../../avr/lib/avr51\libm.a
END GROUP
START GROUP
LOAD c:/program files (x86)/atmel/studio/7.0/toolchain/avr8/avr8-gnu-toolchain/bin/../lib/gcc/avr/5.4.0/avr51\libgcc.a
LOAD c:/program files (x86)/atmel/studio/7.0/toolchain/avr8/avr8-gnu-toolchain/bin/../lib/gcc/avr/5.4.0/../../../../avr/lib/avr51\libm.a
LOAD c:/program files (x86)/atmel/studio/7.0/toolchain/avr8/avr8-gnu-toolchain/bin/../lib/gcc/avr/5.4.0/../../../../avr/lib/avr51\libc.a
LOAD C:/Program Files (x86)/Atmel/Studio/7.0/Packs/atmel/ATmega_DFP/1.2.209/gcc/dev/atmega1284p/avr51\libatmega1284p.a
END GROUP
                0x00020000                __TEXT_REGION_LENGTH__ = DEFINED (__TEXT_REGION_LENGTH__)?__TEXT_REGION_LENGTH__:0x20000
                0x0000ff00                __DATA_REGION_LENGTH__ = DEFINED (__DATA_REGION_LENGTH__)?__DATA_REGION_LENGTH__:0xff00
                0x00010000                __EEPROM_REGION_LENGTH__ = DEFINED (__EEPROM_REGION_LENGTH__)?__EEPROM_REGION_LENGTH__:0x10000
                [0x00000003]                __FUSE_REGION_LENGTH__ = DEFINED (__FUSE_REGION_LENGTH__)?__FUSE_REGION_LENGTH__:0x400
                0x00000400                __LOCK_REGION_LENGTH__ = DEFINED (__LOCK_REGION_LENGTH__)?__LOCK_REGION_LENGTH__:0x400
                0x00000400                __SIGNATURE_REGION_LENGTH__ = DEFINED (__SIGNATURE_REGION_LENGTH__)?__SIGNATURE_REGION_LENGTH__:0x400
                0x00000400                __USER_SIGNATURE_REGION_LENGTH__ = DEFINED (__USER_SIGNATURE_REGION_LENGTH__)?__USER_SIGNATURE_REGION_LENGTH__:0x400

.hash
 *(.hash)

.dynsym
 *(.dynsym)

.dynstr
 *(.dynstr)

.gnu.version
 *(.gnu.version)

.gnu.version_d
 *(.gnu.version_d)

.gnu.version_r
 *(.gnu.version_r)

.rel.init
 *(.rel.init)

.rela.init
 *(.rela.init)

.rel.text
 *(.rel.text)
 *(.rel.text.*)
 *(.rel.gnu.linkonce.t*)

.rela.text
 *(.rela.text)
 *(.rela.text.*)
 *(.rela.gnu.linkonce.t*)

.rel.fini
 *(.rel.fini)

.rela.fini
 *(.rela.fini)

.rel.rodata
 *(.rel.rodata)
 *(.rel.rodata.*)
 *(.rel.gnu.linkonce.r*)

.rela.rodata
 *(.rela.rodata)
 *(.rela.rodata.*)
 *(.rela.gnu.linkonce.r*)

.rel.data
 *(.rel.data)
 *(.rel.data.*)
 *(.rel.gnu.linkonce.d*)

.rela.data
 *(.rela.data)
 *(.rela.data.*)
 *(.rela.gnu.linkonce.d*)

.rel.ctors
 *(.rel.ctors)

.rela.ctors
 *(.rela.ctors)

.rel.dtors
 *(.rel.dtors)

.rela.dtors
 *(.rela.dtors)

.rel.got
 *(.rel.got)

.rela.got
 *(.rela.got)

.rel.bss
 *(.rel.bss)

.rela.bss
 *(.rela.bss)

.rel.plt
 *(.rel.plt)

.rela.plt
 *(.rela.plt)

.text           0x00000000     0x388c
 *(.vectors)
 .vectors       0x00000000       0x8c C:/Program Files (x86)/Atmel/Studio/7.0/Packs/atmel/ATmega_DFP/1.2.209/gcc/dev/atmega1284p/avr51/crtatmega1284p.o
                0x00000000                __vector_default
                0x00000000                __vectors
 *(.vectors)
 *(.progmem.gcc*)
 .progmem.gcc_fplib
                0x0000008c       0x2d c:/program files (x86)/atmel/studio/7.0/toolchain/avr8/avr8-gnu-toolchain/bin/../lib/gcc/avr/5.4.0/../../../../avr/lib/avr51\libm.a(atan.o)
 .progmem.gcc_fplib
                0x000000b9       0x28 c:/program files (x86)/atmel/studio/7.0/toolchain/avr8/avr8-gnu-toolchain/bin/../lib/gcc/avr/5.4.0/../../../../avr/lib/avr51\libm.a(fp_arccos.o)
 .progmem.gcc_fplib
                0x000000e1       0x1e c:/program files (x86)/atmel/studio/7.0/toolchain/avr8/avr8-gnu-toolchain/bin/../lib/gcc/avr/5.4.0/../../../../avr/lib/avr51\libm.a(fp_sinus.o)
                0x00000100                . = ALIGN (0x2)
 *fill*         0x000000ff        0x1 
                0x00000100                __trampolines_start = .
 *(.trampolines)
 .trampolines   0x00000100        0x0 linker stubs
 *(.trampolines*)
                0x00000100                __trampolines_end = .
 *libprintf_flt.a:*(.progmem.data)
 *libc.a:*(.progmem.data)
 *(.progmem*)
                0x00000100                . = ALIGN (0x2)
 *(.jumptables)
 *(.jumptables*)
 *(.lowtext)
 *(.lowtext*)
                0x00000100                __ctors_start = .
 *(.ctors)
                0x00000100                __ctors_end = .
                0x00000100                __dtors_start = .
 *(.dtors)
                0x00000100                __dtors_end = .
 SORT(*)(.ctors)
 SORT(*)(.dtors)
 *(.init0)
 .init0         0x00000100        0x0 C:/Program Files (x86)/Atmel/Studio/7.0/Packs/atmel/ATmega_DFP/1.2.209/gcc/dev/atmega1284p/avr51/crtatmega1284p.o
                0x00000100                __init
 *(.init0)
 *(.init1)
 *(.init1)
 *(.init2)
 .init2         0x00000100        0xc C:/Program Files (x86)/Atmel/Studio/7.0/Packs/atmel/ATmega_DFP/1.2.209/gcc/dev/atmega1284p/avr51/crtatmega1284p.o
 *(.init2)
 *(.init3)
 *(.init3)
 *(.init4)
 .init4         0x0000010c       0x1a c:/program files (x86)/atmel/studio/7.0/toolchain/avr8/avr8-gnu-toolchain/bin/../lib/gcc/avr/5.4.0/avr51\libgcc.a(_copy_data.o)
                0x0000010c                __do_copy_data
 .init4         0x00000126       0x10 c:/program files (x86)/atmel/studio/7.0/toolchain/avr8/avr8-gnu-toolchain/bin/../lib/gcc/avr/5.4.0/avr51\libgcc.a(_clear_bss.o)
                0x00000126                __do_clear_bss
 *(.init4)
 *(.init5)
 *(.init5)
 *(.init6)
 *(.init6)
 *(.init7)
 *(.init7)
 *(.init8)
 *(.init8)
 *(.init9)
 .init9         0x00000136        0x8 C:/Program Files (x86)/Atmel/Studio/7.0/Packs/atmel/ATmega_DFP/1.2.209/gcc/dev/atmega1284p/avr51/crtatmega1284p.o
 *(.init9)
 *(.text)
 .text          0x0000013e        0x2 C:/Program Files (x86)/Atmel/Studio/7.0/Packs/atmel/ATmega_DFP/1.2.209/gcc/dev/atmega1284p/avr51/crtatmega1284p.o
                0x0000013e                __vector_1
                0x0000013e                __vector_32
                0x0000013e                __vector_34
                0x0000013e                __vector_24
                0x0000013e                __vector_12
                0x0000013e                __bad_interrupt
                0x0000013e                __vector_6
                0x0000013e                __vector_31
                0x0000013e                __vector_3
                0x0000013e                __vector_23
                0x0000013e                __vector_25
                0x0000013e                __vector_11
                0x0000013e                __vector_13
                0x0000013e                __vector_17
                0x0000013e                __vector_7
                0x0000013e                __vector_27
                0x0000013e                __vector_5
                0x0000013e                __vector_33
                0x0000013e                __vector_4
                0x0000013e                __vector_2
                0x0000013e                __vector_15
                0x0000013e                __vector_8
                0x0000013e                __vector_26
                0x0000013e                __vector_14
                0x0000013e                __vector_10
                0x0000013e                __vector_16
                0x00000140                . = ALIGN (0x2)
 *(.text.*)
 .text.CmpPCA9685Reset
                0x00000140       0x1e Cmps/CmpPCA9685.o
                0x00000140                CmpPCA9685Reset
 .text.CmpPCA9685Init
                0x0000015e       0x1a Cmps/CmpPCA9685.o
                0x0000015e                CmpPCA9685Init
 .text.CmpPCA9685SetPWMFreq
                0x00000178       0xba Cmps/CmpPCA9685.o
                0x00000178                CmpPCA9685SetPWMFreq
 .text.CmpPCA9685SetPWM
                0x00000232       0x34 Cmps/CmpPCA9685.o
                0x00000232                CmpPCA9685SetPWM
 .text.DrvAdcInit
                0x00000266       0x64 Drv/DrvAdc.o
                0x00000266                DrvAdcInit
 .text.DrvAdcRead
                0x000002ca       0x54 Drv/DrvAdc.o
                0x000002ca                DrvAdcRead
 .text.DrvBitmapGetBitmapArrow
                0x0000031e       0x58 Drv/DrvBitmap.o
                0x0000031e                DrvBitmapGetBitmapArrow
 .text.DrvBitmapGetBitmapBatteryValue
                0x00000376       0x54 Drv/DrvBitmap.o
                0x00000376                DrvBitmapGetBitmapBatteryValue
 .text.DrvButtonIsrCallbackTimer
                0x000003ca       0x5e Drv/DrvButton.o
 .text.DrvButtonInit
                0x00000428       0x14 Drv/DrvButton.o
                0x00000428                DrvButtonInit
 .text.DrvButtonAddButton
                0x0000043c       0x22 Drv/DrvButton.o
                0x0000043c                DrvButtonAddButton
 .text.DrvButtonPushed
                0x0000045e       0x6a Drv/DrvButton.o
                0x0000045e                DrvButtonPushed
 .text.DrvEepromIsConfigured
                0x000004c8       0x14 Drv/DrvEeprom.o
                0x000004c8                DrvEepromIsConfigured
 .text.DrvEepromInit
                0x000004dc       0x1e Drv/DrvEeprom.o
                0x000004dc                DrvEepromInit
 .text.DrvEepromSetConfiguration
                0x000004fa        0xc Drv/DrvEeprom.o
                0x000004fa                DrvEepromSetConfiguration
 .text.DrvIoSetPinOutput
                0x00000506       0x32 Drv/DrvIo.o
                0x00000506                DrvIoSetPinOutput
 .text.DrvIoSetPinInput
                0x00000538       0x42 Drv/DrvIo.o
                0x00000538                DrvIoSetPinInput
 .text.DrvIoGetPinState
                0x0000057a       0x26 Drv/DrvIo.o
                0x0000057a                DrvIoGetPinState
 .text.DrvIoSetPinState
                0x000005a0       0x4a Drv/DrvIo.o
                0x000005a0                DrvIoSetPinState
 .text.DrvLedIsrCallbackTimer
                0x000005ea       0xdc Drv/DrvLed.o
 .text.DrvLedInit
                0x000006c6       0x14 Drv/DrvLed.o
                0x000006c6                DrvLedInit
 .text.DrvLedSetPinLed
                0x000006da       0x40 Drv/DrvLed.o
                0x000006da                DrvLedSetPinLed
 .text.DrvLedSetToggle
                0x0000071a       0x6a Drv/DrvLed.o
                0x0000071a                DrvLedSetToggle
 .text.DrvLedSetState
                0x00000784       0x52 Drv/DrvLed.o
                0x00000784                DrvLedSetState
 .text.DrvLegInit
                0x000007d6      0x34a Drv/DrvLeg.o
                0x000007d6                DrvLegInit
 .text.DrvLegGetLeg
                0x00000b20        0xe Drv/DrvLeg.o
                0x00000b20                DrvLegGetLeg
 .text.DrvLegCheckTarget
                0x00000b2e       0x32 Drv/DrvLeg.o
                0x00000b2e                DrvLegCheckTarget
 .text.DrvLegSetXYZ
                0x00000b60      0x566 Drv/DrvLeg.o
                0x00000b60                DrvLegSetXYZ
 .text.DrvLegUpdate
                0x000010c6        0x6 Drv/DrvLeg.o
                0x000010c6                DrvLegUpdate
 .text.DrvServoInit
                0x000010cc       0x68 Drv/DrvServo.o
                0x000010cc                DrvServoInit
 .text.DrvServoSetTarget
                0x00001134      0x100 Drv/DrvServo.o
                0x00001134                DrvServoSetTarget
 .text.DrvServoCheckPosition
                0x00001234       0x22 Drv/DrvServo.o
                0x00001234                DrvServoCheckPosition
 .text.DrvServoUpdate
                0x00001256      0x2f8 Drv/DrvServo.o
                0x00001256                DrvServoUpdate
 .text.DrvServoGetStruture
                0x0000154e       0x18 Drv/DrvServo.o
                0x0000154e                DrvServoGetStruture
 .text.__vector_19
                0x00001566       0x1e Drv/DrvSpi.o
                0x00001566                __vector_19
 .text.DrvSSD1306ClearBuffer
                0x00001584       0x18 Drv/DrvSSD1306.o
                0x00001584                DrvSSD1306ClearBuffer
 .text.DrvSSD1306DrawPixel
                0x0000159c       0xd6 Drv/DrvSSD1306.o
                0x0000159c                DrvSSD1306DrawPixel
 .text.DrvSSD1306EraseArea
                0x00001672       0x8e Drv/DrvSSD1306.o
                0x00001672                DrvSSD1306EraseArea
 .text.DrvSSD1306DrawLine
                0x00001700       0xc4 Drv/DrvSSD1306.o
                0x00001700                DrvSSD1306DrawLine
 .text.DrvSSD1306DrawRectangle
                0x000017c4       0x74 Drv/DrvSSD1306.o
                0x000017c4                DrvSSD1306DrawRectangle
 .text.DrvSSD1306DrawChar
                0x00001838      0x104 Drv/DrvSSD1306.o
                0x00001838                DrvSSD1306DrawChar
 .text.DrvSSD1306DrawBitmap
                0x0000193c      0x170 Drv/DrvSSD1306.o
                0x0000193c                DrvSSD1306DrawBitmap
 .text.DrvSSD1306SendData
                0x00001aac        0xe Drv/DrvSSD1306.o
                0x00001aac                DrvSSD1306SendData
 .text.DrvSSD1306SendDatum
                0x00001aba        0xc Drv/DrvSSD1306.o
                0x00001aba                DrvSSD1306SendDatum
 .text.DrvSSD1306ClearDisplay
                0x00001ac6       0x2c Drv/DrvSSD1306.o
                0x00001ac6                DrvSSD1306ClearDisplay
 .text.DrvSSD1306Update
                0x00001af2       0x3c Drv/DrvSSD1306.o
                0x00001af2                DrvSSD1306Update
 .text.DrvSSD1306Init
                0x00001b2e       0x76 Drv/DrvSSD1306.o
                0x00001b2e                DrvSSD1306Init
 .text.DrvTickInit
                0x00001ba4       0x3e Drv/DrvTick.o
                0x00001ba4                DrvTickInit
 .text.DrvTickGetTimeUs
                0x00001be2       0x44 Drv/DrvTick.o
                0x00001be2                DrvTickGetTimeUs
 .text.DrvTickGetTimeMs
                0x00001c26       0x14 Drv/DrvTick.o
                0x00001c26                DrvTickGetTimeMs
 .text.DrvTickDelayUs
                0x00001c3a       0x2c Drv/DrvTick.o
                0x00001c3a                DrvTickDelayUs
 .text.__vector_18
                0x00001c66       0x4a Drv/DrvTick.o
                0x00001c66                __vector_18
 .text.DrvTimerInit
                0x00001cb0       0x48 Drv/DrvTimer.o
                0x00001cb0                DrvTimerInit
 .text.DrvTimerAddTimer
                0x00001cf8       0x2e Drv/DrvTimer.o
                0x00001cf8                DrvTimerAddTimer
 .text.DrvTimerStopTimer
                0x00001d26       0x2e Drv/DrvTimer.o
                0x00001d26                DrvTimerStopTimer
 .text.DrvTimerTickReset
                0x00001d54       0x40 Drv/DrvTimer.o
                0x00001d54                DrvTimerTickReset
 .text.__vector_9
                0x00001d94      0x176 Drv/DrvTimer.o
                0x00001d94                __vector_9
 .text.DrvTwiWaitTransmission
                0x00001f0a       0x2c Drv/DrvTwi.o
 .text.DrvTwiInit
                0x00001f36       0x5e Drv/DrvTwi.o
                0x00001f36                DrvTwiInit
 .text.DrvTwiReadReg
                0x00001f94       0xde Drv/DrvTwi.o
                0x00001f94                DrvTwiReadReg
 .text.DrvTwiWriteReg
                0x00002072       0xa0 Drv/DrvTwi.o
                0x00002072                DrvTwiWriteReg
 .text.DrvTwiWriteRegBuf
                0x00002112       0xfc Drv/DrvTwi.o
                0x00002112                DrvTwiWriteRegBuf
 .text.DrvTwiFillRegBuf
                0x0000220e       0xe4 Drv/DrvTwi.o
                0x0000220e                DrvTwiFillRegBuf
 .text.DrvUartInit
                0x000022f2       0x4c Drv/DrvUart.o
                0x000022f2                DrvUartInit
 .text.DrvUartFillTxBuffer
                0x0000233e       0x40 Drv/DrvUart.o
                0x0000233e                DrvUartFillTxBuffer
 .text.DrvUartSendData
                0x0000237e       0x16 Drv/DrvUart.o
                0x0000237e                DrvUartSendData
 .text.DrvUartReadData
                0x00002394       0x46 Drv/DrvUart.o
                0x00002394                DrvUartReadData
 .text.DrvUartDataAvailable
                0x000023da       0x22 Drv/DrvUart.o
                0x000023da                DrvUartDataAvailable
 .text.__vector_20
                0x000023fc       0x4a Drv/DrvUart.o
                0x000023fc                __vector_20
 .text.__vector_21
                0x00002446       0x66 Drv/DrvUart.o
                0x00002446                __vector_21
 .text.__vector_22
                0x000024ac       0x14 Drv/DrvUart.o
                0x000024ac                __vector_22
 .text.__vector_28
                0x000024c0       0x4a Drv/DrvUart.o
                0x000024c0                __vector_28
 .text.__vector_29
                0x0000250a       0x66 Drv/DrvUart.o
                0x0000250a                __vector_29
 .text.__vector_30
                0x00002570       0x14 Drv/DrvUart.o
                0x00002570                __vector_30
 .text.main     0x00002584       0xb2 main.o
                0x00002584                main
 .text.SrvBatteryInit
                0x00002636       0x14 Srv/SrvBattery.o
                0x00002636                SrvBatteryInit
 .text.SrvBatteryUpdate
                0x0000264a       0x68 Srv/SrvBattery.o
                0x0000264a                SrvBatteryUpdate
 .text.SrvBatteryGetValue
                0x000026b2        0x6 Srv/SrvBattery.o
                0x000026b2                SrvBatteryGetValue
 .text.SrvBodyInit
                0x000026b8       0x34 Srv/SrvBody.o
                0x000026b8                SrvBodyInit
 .text.SrvBodyUpdate
                0x000026ec        0x4 Srv/SrvBody.o
                0x000026ec                SrvBodyUpdate
 .text.formatMessageMinMax
                0x000026f0       0x7e Srv/SrvComm.o
 .text.SrvCommWriteMessage
                0x0000276e       0x42 Srv/SrvComm.o
 .text.SrvCommInit
                0x000027b0        0x8 Srv/SrvComm.o
                0x000027b0                SrvCommInit
 .text.SrvCommUpdate
                0x000027b8      0x352 Srv/SrvComm.o
                0x000027b8                SrvCommUpdate
 .text.SrvDisplayInit
                0x00002b0a       0x30 Srv/SrvDisplay.o
                0x00002b0a                SrvDisplayInit
 .text.SrvDisplayScreenShowArrow
                0x00002b3a       0x4a Srv/SrvDisplay.o
                0x00002b3a                SrvDisplayScreenShowArrow
 .text.SrvDisplayScreenShowBattery
                0x00002b84       0x40 Srv/SrvDisplay.o
                0x00002b84                SrvDisplayScreenShowBattery
 .text.SrvDisplayScreenBatteryManagement
                0x00002bc4       0x78 Srv/SrvDisplay.o
                0x00002bc4                SrvDisplayScreenBatteryManagement
 .text.SrvDisplayScreenShowString
                0x00002c3c       0x56 Srv/SrvDisplay.o
                0x00002c3c                SrvDisplayScreenShowString
 .text.SrvDisplayScreenHideProgressBar
                0x00002c92       0x56 Srv/SrvDisplay.o
                0x00002c92                SrvDisplayScreenHideProgressBar
 .text.SrvDisplayScreenShowProgressBar
                0x00002ce8       0xba Srv/SrvDisplay.o
                0x00002ce8                SrvDisplayScreenShowProgressBar
 .text.SrvDisplayUpdate
                0x00002da2       0xb4 Srv/SrvDisplay.o
                0x00002da2                SrvDisplayUpdate
 .text.SrvIhmInit
                0x00002e56       0x2a Srv/SrvIhm.o
                0x00002e56                SrvIhmInit
 .text.SrvIhmHeartbeat
                0x00002e80       0x88 Srv/SrvIhm.o
                0x00002e80                SrvIhmHeartbeat
 .text.SrvIhmDispatcher
                0x00002f08        0xa Srv/SrvIhm.o
                0x00002f08                SrvIhmDispatcher
 .text.SrvIhmPlatformInitStart
                0x00002f12       0x22 Srv/SrvIhm.o
                0x00002f12                SrvIhmPlatformInitStart
 .text.SrvIhmPlatformInitDone
                0x00002f34       0x22 Srv/SrvIhm.o
                0x00002f34                SrvIhmPlatformInitDone
 .text.SrvWalkInit
                0x00002f56       0xbc Srv/SrvWalk.o
                0x00002f56                SrvWalkInit
 .text.SrvWalkUpdate
                0x00003012        0x6 Srv/SrvWalk.o
                0x00003012                SrvWalkUpdate
 .text.avr-libc.fplib
                0x00003018       0x1c c:/program files (x86)/atmel/studio/7.0/toolchain/avr8/avr8-gnu-toolchain/bin/../lib/gcc/avr/5.4.0/../../../../avr/lib/avr51\libm.a(acos.o)
                0x00003018                acos
 .text.avr-libc.fplib
                0x00003034        0xa c:/program files (x86)/atmel/studio/7.0/toolchain/avr8/avr8-gnu-toolchain/bin/../lib/gcc/avr/5.4.0/../../../../avr/lib/avr51\libm.a(addsf3.o)
                0x00003034                __subsf3
                0x00003036                __addsf3
 .text.avr-libc.fplib
                0x0000303e       0xc0 c:/program files (x86)/atmel/studio/7.0/toolchain/avr8/avr8-gnu-toolchain/bin/../lib/gcc/avr/5.4.0/../../../../avr/lib/avr51\libm.a(addsf3x.o)
                0x00003058                __addsf3x
 .text.avr-libc.fplib
                0x000030fe       0x50 c:/program files (x86)/atmel/studio/7.0/toolchain/avr8/avr8-gnu-toolchain/bin/../lib/gcc/avr/5.4.0/../../../../avr/lib/avr51\libm.a(atan.o)
                0x000030fe                atan
 .text.avr-libc.fplib
                0x0000314e        0x8 c:/program files (x86)/atmel/studio/7.0/toolchain/avr8/avr8-gnu-toolchain/bin/../lib/gcc/avr/5.4.0/../../../../avr/lib/avr51\libm.a(cmpsf2.o)
                0x0000314e                __nesf2
                0x0000314e                __eqsf2
                0x0000314e                __cmpsf2
                0x0000314e                __ltsf2
                0x0000314e                __lesf2
 .text.avr-libc.fplib
                0x00003156        0x6 c:/program files (x86)/atmel/studio/7.0/toolchain/avr8/avr8-gnu-toolchain/bin/../lib/gcc/avr/5.4.0/../../../../avr/lib/avr51\libm.a(cos.o)
                0x00003156                cos
 .text.avr-libc.fplib
                0x0000315c        0x4 c:/program files (x86)/atmel/studio/7.0/toolchain/avr8/avr8-gnu-toolchain/bin/../lib/gcc/avr/5.4.0/../../../../avr/lib/avr51\libm.a(divsf3.o)
                0x0000315c                __divsf3
 .text.avr-libc.fplib
                0x00003160       0xcc c:/program files (x86)/atmel/studio/7.0/toolchain/avr8/avr8-gnu-toolchain/bin/../lib/gcc/avr/5.4.0/../../../../avr/lib/avr51\libm.a(divsf3x.o)
                0x00003176                __divsf3x
                0x0000317a                __divsf3_pse
 .text.avr-libc.fplib
                0x0000322c        0xa c:/program files (x86)/atmel/studio/7.0/toolchain/avr8/avr8-gnu-toolchain/bin/../lib/gcc/avr/5.4.0/../../../../avr/lib/avr51\libm.a(fixsfsi.o)
                0x0000322c                __fixsfsi
 .text.avr-libc.fplib
                0x00003236       0x58 c:/program files (x86)/atmel/studio/7.0/toolchain/avr8/avr8-gnu-toolchain/bin/../lib/gcc/avr/5.4.0/../../../../avr/lib/avr51\libm.a(fixunssfsi.o)
                0x00003236                __fixunssfsi
 .text.avr-libc.fplib
                0x0000328e       0x7a c:/program files (x86)/atmel/studio/7.0/toolchain/avr8/avr8-gnu-toolchain/bin/../lib/gcc/avr/5.4.0/../../../../avr/lib/avr51\libm.a(floatsisf.o)
                0x0000328e                __floatunsisf
                0x00003292                __floatsisf
 .text.avr-libc.fplib
                0x00003308       0x26 c:/program files (x86)/atmel/studio/7.0/toolchain/avr8/avr8-gnu-toolchain/bin/../lib/gcc/avr/5.4.0/../../../../avr/lib/avr51\libm.a(floor.o)
                0x00003308                floor
 .text.avr-libc.fplib
                0x0000332e       0x36 c:/program files (x86)/atmel/studio/7.0/toolchain/avr8/avr8-gnu-toolchain/bin/../lib/gcc/avr/5.4.0/../../../../avr/lib/avr51\libm.a(fp_arccos.o)
                0x0000332e                __fp_arccos
 .text.avr-libc.fplib
                0x00003364       0x48 c:/program files (x86)/atmel/studio/7.0/toolchain/avr8/avr8-gnu-toolchain/bin/../lib/gcc/avr/5.4.0/../../../../avr/lib/avr51\libm.a(fp_cmp.o)
                0x00003364                __fp_cmp
 .text.avr-libc.fplib
                0x000033ac        0xc c:/program files (x86)/atmel/studio/7.0/toolchain/avr8/avr8-gnu-toolchain/bin/../lib/gcc/avr/5.4.0/../../../../avr/lib/avr51\libm.a(fp_inf.o)
                0x000033ac                __fp_inf
 .text.avr-libc.fplib
                0x000033b8       0x36 c:/program files (x86)/atmel/studio/7.0/toolchain/avr8/avr8-gnu-toolchain/bin/../lib/gcc/avr/5.4.0/../../../../avr/lib/avr51\libm.a(fp_mintl.o)
                0x000033b8                __fp_mintl
 .text.avr-libc.fplib
                0x000033ee       0x1c c:/program files (x86)/atmel/studio/7.0/toolchain/avr8/avr8-gnu-toolchain/bin/../lib/gcc/avr/5.4.0/../../../../avr/lib/avr51\libm.a(fp_mpack.o)
                0x000033ee                __fp_mpack
                0x000033f2                __fp_mpack_finite
 .text.avr-libc.fplib
                0x0000340a        0x6 c:/program files (x86)/atmel/studio/7.0/toolchain/avr8/avr8-gnu-toolchain/bin/../lib/gcc/avr/5.4.0/../../../../avr/lib/avr51\libm.a(fp_nan.o)
                0x0000340a                __fp_nan
 .text.avr-libc.fplib
                0x00003410       0x4a c:/program files (x86)/atmel/studio/7.0/toolchain/avr8/avr8-gnu-toolchain/bin/../lib/gcc/avr/5.4.0/../../../../avr/lib/avr51\libm.a(fp_powser.o)
                0x00003410                __fp_powser
 .text.avr-libc.fplib
                0x0000345a        0xe c:/program files (x86)/atmel/studio/7.0/toolchain/avr8/avr8-gnu-toolchain/bin/../lib/gcc/avr/5.4.0/../../../../avr/lib/avr51\libm.a(fp_pscA.o)
                0x0000345a                __fp_pscA
 .text.avr-libc.fplib
                0x00003468        0xe c:/program files (x86)/atmel/studio/7.0/toolchain/avr8/avr8-gnu-toolchain/bin/../lib/gcc/avr/5.4.0/../../../../avr/lib/avr51\libm.a(fp_pscB.o)
                0x00003468                __fp_pscB
 .text.avr-libc.fplib
                0x00003476       0x50 c:/program files (x86)/atmel/studio/7.0/toolchain/avr8/avr8-gnu-toolchain/bin/../lib/gcc/avr/5.4.0/../../../../avr/lib/avr51\libm.a(fp_rempio2.o)
                0x00003478                __fp_rempio2
 .text.avr-libc.fplib
                0x000034c6       0x22 c:/program files (x86)/atmel/studio/7.0/toolchain/avr8/avr8-gnu-toolchain/bin/../lib/gcc/avr/5.4.0/../../../../avr/lib/avr51\libm.a(fp_round.o)
                0x000034c6                __fp_round
 .text.avr-libc.fplib
                0x000034e8       0x22 c:/program files (x86)/atmel/studio/7.0/toolchain/avr8/avr8-gnu-toolchain/bin/../lib/gcc/avr/5.4.0/../../../../avr/lib/avr51\libm.a(fp_sinus.o)
                0x000034e8                __fp_sinus
 .text.avr-libc.fplib
                0x0000350a       0x44 c:/program files (x86)/atmel/studio/7.0/toolchain/avr8/avr8-gnu-toolchain/bin/../lib/gcc/avr/5.4.0/../../../../avr/lib/avr51\libm.a(fp_split3.o)
                0x0000350a                __fp_split3
                0x0000351a                __fp_splitA
 .text.avr-libc.fplib
                0x0000354e       0x2e c:/program files (x86)/atmel/studio/7.0/toolchain/avr8/avr8-gnu-toolchain/bin/../lib/gcc/avr/5.4.0/../../../../avr/lib/avr51\libm.a(fp_trunc.o)
                0x0000354e                __fp_trunc
 .text.avr-libc.fplib
                0x0000357c        0xe c:/program files (x86)/atmel/studio/7.0/toolchain/avr8/avr8-gnu-toolchain/bin/../lib/gcc/avr/5.4.0/../../../../avr/lib/avr51\libm.a(fp_zero.o)
                0x0000357c                __fp_zero
                0x0000357e                __fp_szero
 .text.avr-libc.fplib
                0x0000358a        0x8 c:/program files (x86)/atmel/studio/7.0/toolchain/avr8/avr8-gnu-toolchain/bin/../lib/gcc/avr/5.4.0/../../../../avr/lib/avr51\libm.a(gesf2.o)
                0x0000358a                __gesf2
                0x0000358a                __gtsf2
 .text.avr-libc.fplib
                0x00003592        0xe c:/program files (x86)/atmel/studio/7.0/toolchain/avr8/avr8-gnu-toolchain/bin/../lib/gcc/avr/5.4.0/../../../../avr/lib/avr51\libm.a(inverse.o)
                0x00003592                inverse
 .text.avr-libc.fplib
                0x000035a0        0x4 c:/program files (x86)/atmel/studio/7.0/toolchain/avr8/avr8-gnu-toolchain/bin/../lib/gcc/avr/5.4.0/../../../../avr/lib/avr51\libm.a(mulsf3.o)
                0x000035a0                __mulsf3
 .text.avr-libc.fplib
                0x000035a4       0xc2 c:/program files (x86)/atmel/studio/7.0/toolchain/avr8/avr8-gnu-toolchain/bin/../lib/gcc/avr/5.4.0/../../../../avr/lib/avr51\libm.a(mulsf3x.o)
                0x000035b8                __mulsf3x
                0x000035bc                __mulsf3_pse
 .text.avr-libc.fplib
                0x00003666       0x40 c:/program files (x86)/atmel/studio/7.0/toolchain/avr8/avr8-gnu-toolchain/bin/../lib/gcc/avr/5.4.0/../../../../avr/lib/avr51\libm.a(round.o)
                0x00003666                round
 .text.avr-libc.fplib
                0x000036a6        0xc c:/program files (x86)/atmel/studio/7.0/toolchain/avr8/avr8-gnu-toolchain/bin/../lib/gcc/avr/5.4.0/../../../../avr/lib/avr51\libm.a(sin.o)
                0x000036a6                sin
 .text.avr-libc.fplib
                0x000036b2       0x84 c:/program files (x86)/atmel/studio/7.0/toolchain/avr8/avr8-gnu-toolchain/bin/../lib/gcc/avr/5.4.0/../../../../avr/lib/avr51\libm.a(sqrt.o)
                0x000036ba                sqrtf
                0x000036ba                sqrt
 .text.avr-libc.fplib
                0x00003736        0x6 c:/program files (x86)/atmel/studio/7.0/toolchain/avr8/avr8-gnu-toolchain/bin/../lib/gcc/avr/5.4.0/../../../../avr/lib/avr51\libm.a(square.o)
                0x00003736                square
 .text.avr-libc.fplib
                0x0000373c        0xe c:/program files (x86)/atmel/studio/7.0/toolchain/avr8/avr8-gnu-toolchain/bin/../lib/gcc/avr/5.4.0/../../../../avr/lib/avr51\libm.a(fp_norm2.o)
                0x0000373c                __fp_norm2
 .text.avr-libc.fplib
                0x0000374a       0x22 c:/program files (x86)/atmel/studio/7.0/toolchain/avr8/avr8-gnu-toolchain/bin/../lib/gcc/avr/5.4.0/../../../../avr/lib/avr51\libm.a(fp_powsodd.o)
                0x0000374a                __fp_powsodd
 .text.libgcc.div
                0x0000376c       0x28 c:/program files (x86)/atmel/studio/7.0/toolchain/avr8/avr8-gnu-toolchain/bin/../lib/gcc/avr/5.4.0/avr51\libgcc.a(_udivmodhi4.o)
                0x0000376c                __udivmodhi4
 .text.libgcc.div
                0x00003794       0x44 c:/program files (x86)/atmel/studio/7.0/toolchain/avr8/avr8-gnu-toolchain/bin/../lib/gcc/avr/5.4.0/avr51\libgcc.a(_udivmodsi4.o)
                0x00003794                __udivmodsi4
 .text.libgcc.mul
                0x000037d8       0x1e c:/program files (x86)/atmel/studio/7.0/toolchain/avr8/avr8-gnu-toolchain/bin/../lib/gcc/avr/5.4.0/avr51\libgcc.a(_umulhisi3.o)
                0x000037d8                __umulhisi3
 .text.avr-libc
                0x000037f6       0x14 c:/program files (x86)/atmel/studio/7.0/toolchain/avr8/avr8-gnu-toolchain/bin/../lib/gcc/avr/5.4.0/../../../../avr/lib/avr51\libc.a(itoa_ncheck.o)
                0x000037f6                __itoa_ncheck
 .text.avr-libc
                0x0000380a       0x32 c:/program files (x86)/atmel/studio/7.0/toolchain/avr8/avr8-gnu-toolchain/bin/../lib/gcc/avr/5.4.0/../../../../avr/lib/avr51\libc.a(utoa_ncheck.o)
                0x0000380a                __utoa_ncheck
                0x0000380c                __utoa_common
 .text.avr-libc
                0x0000383c       0x20 c:/program files (x86)/atmel/studio/7.0/toolchain/avr8/avr8-gnu-toolchain/bin/../lib/gcc/avr/5.4.0/../../../../avr/lib/avr51\libc.a(strrev.o)
                0x0000383c                strrev
 .text.avr-libc
                0x0000385c       0x10 C:/Program Files (x86)/Atmel/Studio/7.0/Packs/atmel/ATmega_DFP/1.2.209/gcc/dev/atmega1284p/avr51\libatmega1284p.a(eerd_byte.o)
                0x0000385c                eeprom_read_byte
 .text.avr-libc
                0x0000386c       0x1c C:/Program Files (x86)/Atmel/Studio/7.0/Packs/atmel/ATmega_DFP/1.2.209/gcc/dev/atmega1284p/avr51\libatmega1284p.a(eewr_byte.o)
                0x0000386c                eeprom_write_byte
                0x0000386e                eeprom_write_r18
                0x00003888                . = ALIGN (0x2)
 *(.fini9)
 .fini9         0x00003888        0x0 c:/program files (x86)/atmel/studio/7.0/toolchain/avr8/avr8-gnu-toolchain/bin/../lib/gcc/avr/5.4.0/avr51\libgcc.a(_exit.o)
                0x00003888                _exit
                0x00003888                exit
 *(.fini9)
 *(.fini8)
 *(.fini8)
 *(.fini7)
 *(.fini7)
 *(.fini6)
 *(.fini6)
 *(.fini5)
 *(.fini5)
 *(.fini4)
 *(.fini4)
 *(.fini3)
 *(.fini3)
 *(.fini2)
 *(.fini2)
 *(.fini1)
 *(.fini1)
 *(.fini0)
 .fini0         0x00003888        0x4 c:/program files (x86)/atmel/studio/7.0/toolchain/avr8/avr8-gnu-toolchain/bin/../lib/gcc/avr/5.4.0/avr51\libgcc.a(_exit.o)
 *(.fini0)
                0x0000388c                _etext = .

.data           0x00800100      0x386 load address 0x0000388c
                0x00800100                PROVIDE (__data_start, .)
 *(.data)
 *(.data*)
 .data.bitmapArrowCenter
                0x00800100        0xc Drv/DrvBitmap.o
                0x00800100                bitmapArrowCenter
 .data.bitmapArrowDown
                0x0080010c        0xc Drv/DrvBitmap.o
                0x0080010c                bitmapArrowDown
 .data.bitmapArrowUp
                0x00800118        0xc Drv/DrvBitmap.o
                0x00800118                bitmapArrowUp
 .data.bitmapArrowLeft
                0x00800124        0xc Drv/DrvBitmap.o
                0x00800124                bitmapArrowLeft
 .data.bitmapArrowRight
                0x00800130        0xc Drv/DrvBitmap.o
                0x00800130                bitmapArrowRight
 .data.bitmapBattery0
                0x0080013c        0xe Drv/DrvBitmap.o
                0x0080013c                bitmapBattery0
 .data.bitmapBattery25
                0x0080014a        0xe Drv/DrvBitmap.o
                0x0080014a                bitmapBattery25
 .data.bitmapBattery50
                0x00800158        0xe Drv/DrvBitmap.o
                0x00800158                bitmapBattery50
 .data.bitmapBattery75
                0x00800166        0xe Drv/DrvBitmap.o
                0x00800166                bitmapBattery75
 .data.bitmapBattery100
                0x00800174        0xe Drv/DrvBitmap.o
                0x00800174                bitmapBattery100
 .data.ButtonsPins
                0x00800182        0x1 Drv/DrvButton.o
                0x00800182                ButtonsPins
 .data.LedsPins
                0x00800183        0x4 Drv/DrvLed.o
                0x00800183                LedsPins
 .data.dlist2.2614
                0x00800187        0x5 Drv/DrvSSD1306.o
 .data.dlist1.2603
                0x0080018c        0x5 Drv/DrvSSD1306.o
 .data.init5.2600
                0x00800191        0x6 Drv/DrvSSD1306.o
 .data.init4a.2599
                0x00800197        0x4 Drv/DrvSSD1306.o
 .data.init3.2598
                0x0080019b        0x4 Drv/DrvSSD1306.o
 .data.init2.2597
                0x0080019f        0x4 Drv/DrvSSD1306.o
 .data.init1.2596
                0x008001a3        0x4 Drv/DrvSSD1306.o
 .data.vccstate
                0x008001a7        0x1 Drv/DrvSSD1306.o
                0x008001a7                vccstate
 .data.addr_i2c
                0x008001a8        0x1 Drv/DrvSSD1306.o
                0x008001a8                addr_i2c
 .data.i2cPins  0x008001a9        0x2 Drv/DrvTwi.o
                0x008001a9                i2cPins
 .data.batteryLevel
                0x008001ab        0x1 Srv/SrvDisplay.o
                0x008001ab                batteryLevel
 .data.heartBeatArray
                0x008001ac        0x8 Srv/SrvIhm.o
                0x008001ac                heartBeatArray
 *(.gnu.linkonce.d*)
 *(.rodata)
 *(.rodata*)
 .rodata.font   0x008001b4      0x1e0 Drv/DrvFont.o
                0x008001b4                font
 .rodata.ioTable
                0x00800394       0xe0 Drv/DrvIo.o
 .rodata.str1.1
                0x00800474        0x6 Srv/SrvComm.o
 .rodata.str1.1
                0x0080047a        0xc Srv/SrvDisplay.o
 *(.gnu.linkonce.r*)
                0x00800486                . = ALIGN (0x2)
                0x00800486                _edata = .
                0x00800486                PROVIDE (__data_end, .)

.bss            0x00800486      0x87d
                0x00800486                PROVIDE (__bss_start, .)
 *(.bss)
 *(.bss*)
 .bss.gama      0x00800486        0x4 Drv/DrvLeg.o
 .bss.beta      0x0080048a        0x4 Drv/DrvLeg.o
 .bss.alpha2    0x0080048e        0x4 Drv/DrvLeg.o
 .bss.alpha1    0x00800492        0x4 Drv/DrvLeg.o
 .bss.alpha     0x00800496        0x4 Drv/DrvLeg.o
 .bss.L1        0x0080049a        0x4 Drv/DrvLeg.o
 .bss.L         0x0080049e        0x4 Drv/DrvLeg.o
 .bss.update    0x008004a2        0x1 Drv/DrvLeg.o
                0x008004a2                update
 .bss.legs      0x008004a3       0x2a Drv/DrvLeg.o
 .bss.servos    0x008004cd      0x18c Drv/DrvServo.o
 .bss.data      0x00800659        0x1 Drv/DrvSpi.o
                0x00800659                data
 .bss.tickCounter
                0x0080065a        0x4 Drv/DrvTick.o
 .bss.errorsCount
                0x0080065e        0x2 Drv/DrvTwi.o
 .bss.uartRingBuffer
                0x00800660      0x400 Drv/DrvUart.o
 .bss.lastLoopTime
                0x00800a60        0x4 main.o
                0x00800a60                lastLoopTime
 .bss.status    0x00800a64        0x1 Srv/SrvComm.o
                0x00800a64                status
 .bss.nbDataAvailable
                0x00800a65        0x2 Srv/SrvComm.o
                0x00800a65                nbDataAvailable
 .bss.initStepDisplay
                0x00800a67        0x1 Srv/SrvDisplay.o
                0x00800a67                initStepDisplay
 .bss.toggleBatteryLogo
                0x00800a68        0x1 Srv/SrvDisplay.o
                0x00800a68                toggleBatteryLogo
 .bss.tempPercentage
                0x00800a69        0x1 Srv/SrvDisplay.o
                0x00800a69                tempPercentage
 .bss.prevMillisDisplay
                0x00800a6a        0x4 Srv/SrvDisplay.o
                0x00800a6a                prevMillisDisplay
 .bss.prevMillisHeartBeat
                0x00800a6e        0x4 Srv/SrvIhm.o
                0x00800a6e                prevMillisHeartBeat
 .bss.heartbeatIndex
                0x00800a72        0x1 Srv/SrvIhm.o
                0x00800a72                heartbeatIndex
 .bss.walk      0x00800a73        0x1 Srv/SrvWalk.o
 *(COMMON)
 COMMON         0x00800a74        0x2 Drv/DrvAdc.o
                0x00800a74                adc
 COMMON         0x00800a76        0x5 Drv/DrvButton.o
                0x00800a76                MesButtons
 COMMON         0x00800a7b       0x2c Drv/DrvLed.o
                0x00800a7b                MesLeds
 COMMON         0x00800aa7      0x200 Drv/DrvSSD1306.o
                0x00800aa7                bufferScreen
 COMMON         0x00800ca7       0x24 Drv/DrvTimer.o
                0x00800ca7                MesTimers
 COMMON         0x00800ccb        0xc main.o
                0x00800ccb                Body
 COMMON         0x00800cd7        0x3 Srv/SrvBattery.o
                0x00800cd7                batteryPercentage
                0x00800cd9                level
 COMMON         0x00800cda       0x15 Srv/SrvComm.o
                0x00800cda                inMessage
 COMMON         0x00800cef        0x1 Srv/SrvDisplay.o
                0x00800cef                direction
 COMMON         0x00800cf0       0x13 Srv/SrvWalk.o
                0x00800cf0                gaits
                0x00800cf1                stepLeg
                0x00800d03                PROVIDE (__bss_end, .)
                0x0000388c                __data_load_start = LOADADDR (.data)
                0x00003c12                __data_load_end = (__data_load_start + SIZEOF (.data))

.noinit         0x00800d03        0x0
                [!provide]                PROVIDE (__noinit_start, .)
 *(.noinit*)
                [!provide]                PROVIDE (__noinit_end, .)
                0x00800d03                _end = .
                [!provide]                PROVIDE (__heap_start, .)

.eeprom         0x00810000        0x0
 *(.eeprom*)
                0x00810000                __eeprom_end = .

.fuse
 *(.fuse)
 *(.lfuse)
 *(.hfuse)
 *(.efuse)

.lock
 *(.lock*)

.signature
 *(.signature*)

.user_signatures
 *(.user_signatures*)

.stab
 *(.stab)

.stabstr
 *(.stabstr)

.stab.excl
 *(.stab.excl)

.stab.exclstr
 *(.stab.exclstr)

.stab.index
 *(.stab.index)

.stab.indexstr
 *(.stab.indexstr)

.comment        0x00000000       0x30
 *(.comment)
 .comment       0x00000000       0x30 Cmps/CmpPCA9685.o
                                 0x31 (size before relaxing)
 .comment       0x00000030       0x31 Drv/DrvAdc.o
 .comment       0x00000030       0x31 Drv/DrvBitmap.o
 .comment       0x00000030       0x31 Drv/DrvButton.o
 .comment       0x00000030       0x31 Drv/DrvEeprom.o
 .comment       0x00000030       0x31 Drv/DrvFont.o
 .comment       0x00000030       0x31 Drv/DrvIo.o
 .comment       0x00000030       0x31 Drv/DrvLed.o
 .comment       0x00000030       0x31 Drv/DrvLeg.o
 .comment       0x00000030       0x31 Drv/DrvServo.o
 .comment       0x00000030       0x31 Drv/DrvSpi.o
 .comment       0x00000030       0x31 Drv/DrvSSD1306.o
 .comment       0x00000030       0x31 Drv/DrvTick.o
 .comment       0x00000030       0x31 Drv/DrvTimer.o
 .comment       0x00000030       0x31 Drv/DrvTwi.o
 .comment       0x00000030       0x31 Drv/DrvUart.o
 .comment       0x00000030       0x31 main.o
 .comment       0x00000030       0x31 Srv/SrvBattery.o
 .comment       0x00000030       0x31 Srv/SrvBody.o
 .comment       0x00000030       0x31 Srv/SrvComm.o
 .comment       0x00000030       0x31 Srv/SrvDisplay.o
 .comment       0x00000030       0x31 Srv/SrvIhm.o
 .comment       0x00000030       0x31 Srv/SrvWalk.o

.note.gnu.avr.deviceinfo
                0x00000000       0x40
 .note.gnu.avr.deviceinfo
                0x00000000       0x40 C:/Program Files (x86)/Atmel/Studio/7.0/Packs/atmel/ATmega_DFP/1.2.209/gcc/dev/atmega1284p/avr51/crtatmega1284p.o

.note.gnu.build-id
 *(.note.gnu.build-id)

.debug
 *(.debug)

.line
 *(.line)

.debug_srcinfo
 *(.debug_srcinfo)

.debug_sfnames
 *(.debug_sfnames)

.debug_aranges  0x00000000      0x738
 *(.debug_aranges)
 .debug_aranges
                0x00000000       0x40 Cmps/CmpPCA9685.o
 .debug_aranges
                0x00000040       0x28 Drv/DrvAdc.o
 .debug_aranges
                0x00000068       0x28 Drv/DrvBitmap.o
 .debug_aranges
                0x00000090       0x40 Drv/DrvButton.o
 .debug_aranges
                0x000000d0       0xf0 Drv/DrvEeprom.o
 .debug_aranges
                0x000001c0       0x18 Drv/DrvFont.o
 .debug_aranges
                0x000001d8       0x50 Drv/DrvIo.o
 .debug_aranges
                0x00000228       0x68 Drv/DrvLed.o
 .debug_aranges
                0x00000290       0x40 Drv/DrvLeg.o
 .debug_aranges
                0x000002d0       0x50 Drv/DrvServo.o
 .debug_aranges
                0x00000320       0x38 Drv/DrvSpi.o
 .debug_aranges
                0x00000358       0x88 Drv/DrvSSD1306.o
 .debug_aranges
                0x000003e0       0x50 Drv/DrvTick.o
 .debug_aranges
                0x00000430       0x58 Drv/DrvTimer.o
 .debug_aranges
                0x00000488       0x58 Drv/DrvTwi.o
 .debug_aranges
                0x000004e0       0x78 Drv/DrvUart.o
 .debug_aranges
                0x00000558       0x20 main.o
 .debug_aranges
                0x00000578       0x38 Srv/SrvBattery.o
 .debug_aranges
                0x000005b0       0x28 Srv/SrvBody.o
 .debug_aranges
                0x000005d8       0x38 Srv/SrvComm.o
 .debug_aranges
                0x00000610       0x58 Srv/SrvDisplay.o
 .debug_aranges
                0x00000668       0x58 Srv/SrvIhm.o
 .debug_aranges
                0x000006c0       0x38 Srv/SrvWalk.o
 .debug_aranges
                0x000006f8       0x20 C:/Program Files (x86)/Atmel/Studio/7.0/Packs/atmel/ATmega_DFP/1.2.209/gcc/dev/atmega1284p/avr51\libatmega1284p.a(eerd_byte.o)
 .debug_aranges
                0x00000718       0x20 C:/Program Files (x86)/Atmel/Studio/7.0/Packs/atmel/ATmega_DFP/1.2.209/gcc/dev/atmega1284p/avr51\libatmega1284p.a(eewr_byte.o)

.debug_pubnames
 *(.debug_pubnames)

.debug_info     0x00000000     0x8807
 *(.debug_info .gnu.linkonce.wi.*)
 .debug_info    0x00000000      0x792 C:/Program Files (x86)/Atmel/Studio/7.0/Packs/atmel/ATmega_DFP/1.2.209/gcc/dev/atmega1284p/avr51/crtatmega1284p.o
 .debug_info    0x00000792      0x4b6 Cmps/CmpPCA9685.o
 .debug_info    0x00000c48      0x275 Drv/DrvAdc.o
 .debug_info    0x00000ebd      0x262 Drv/DrvBitmap.o
 .debug_info    0x0000111f      0x472 Drv/DrvButton.o
 .debug_info    0x00001591     0x1142 Drv/DrvEeprom.o
 .debug_info    0x000026d3       0xa8 Drv/DrvFont.o
 .debug_info    0x0000277b      0x3bc Drv/DrvIo.o
 .debug_info    0x00002b37      0x671 Drv/DrvLed.o
 .debug_info    0x000031a8      0x628 Drv/DrvLeg.o
 .debug_info    0x000037d0      0x644 Drv/DrvServo.o
 .debug_info    0x00003e14      0x27d Drv/DrvSpi.o
 .debug_info    0x00004091      0xd01 Drv/DrvSSD1306.o
 .debug_info    0x00004d92      0x23d Drv/DrvTick.o
 .debug_info    0x00004fcf      0x3b6 Drv/DrvTimer.o
 .debug_info    0x00005385      0x5cf Drv/DrvTwi.o
 .debug_info    0x00005954      0x444 Drv/DrvUart.o
 .debug_info    0x00005d98      0x534 main.o
 .debug_info    0x000062cc      0x293 Srv/SrvBattery.o
 .debug_info    0x0000655f      0x311 Srv/SrvBody.o
 .debug_info    0x00006870      0xc57 Srv/SrvComm.o
 .debug_info    0x000074c7      0x79f Srv/SrvDisplay.o
 .debug_info    0x00007c66      0x536 Srv/SrvIhm.o
 .debug_info    0x0000819c      0x50f Srv/SrvWalk.o
 .debug_info    0x000086ab       0xae C:/Program Files (x86)/Atmel/Studio/7.0/Packs/atmel/ATmega_DFP/1.2.209/gcc/dev/atmega1284p/avr51\libatmega1284p.a(eerd_byte.o)
 .debug_info    0x00008759       0xae C:/Program Files (x86)/Atmel/Studio/7.0/Packs/atmel/ATmega_DFP/1.2.209/gcc/dev/atmega1284p/avr51\libatmega1284p.a(eewr_byte.o)

.debug_abbrev   0x00000000     0x288b
 *(.debug_abbrev)
 .debug_abbrev  0x00000000      0x729 C:/Program Files (x86)/Atmel/Studio/7.0/Packs/atmel/ATmega_DFP/1.2.209/gcc/dev/atmega1284p/avr51/crtatmega1284p.o
 .debug_abbrev  0x00000729      0x12e Cmps/CmpPCA9685.o
 .debug_abbrev  0x00000857       0xfd Drv/DrvAdc.o
 .debug_abbrev  0x00000954       0xe7 Drv/DrvBitmap.o
 .debug_abbrev  0x00000a3b      0x158 Drv/DrvButton.o
 .debug_abbrev  0x00000b93      0x218 Drv/DrvEeprom.o
 .debug_abbrev  0x00000dab       0x53 Drv/DrvFont.o
 .debug_abbrev  0x00000dfe      0x11a Drv/DrvIo.o
 .debug_abbrev  0x00000f18      0x165 Drv/DrvLed.o
 .debug_abbrev  0x0000107d      0x1f7 Drv/DrvLeg.o
 .debug_abbrev  0x00001274      0x23e Drv/DrvServo.o
 .debug_abbrev  0x000014b2      0x10e Drv/DrvSpi.o
 .debug_abbrev  0x000015c0      0x25e Drv/DrvSSD1306.o
 .debug_abbrev  0x0000181e      0x121 Drv/DrvTick.o
 .debug_abbrev  0x0000193f      0x14a Drv/DrvTimer.o
 .debug_abbrev  0x00001a89      0x175 Drv/DrvTwi.o
 .debug_abbrev  0x00001bfe      0x122 Drv/DrvUart.o
 .debug_abbrev  0x00001d20      0x178 main.o
 .debug_abbrev  0x00001e98       0xe9 Srv/SrvBattery.o
 .debug_abbrev  0x00001f81      0x14e Srv/SrvBody.o
 .debug_abbrev  0x000020cf      0x2ce Srv/SrvComm.o
 .debug_abbrev  0x0000239d      0x235 Srv/SrvDisplay.o
 .debug_abbrev  0x000025d2      0x117 Srv/SrvIhm.o
 .debug_abbrev  0x000026e9      0x17a Srv/SrvWalk.o
 .debug_abbrev  0x00002863       0x14 C:/Program Files (x86)/Atmel/Studio/7.0/Packs/atmel/ATmega_DFP/1.2.209/gcc/dev/atmega1284p/avr51\libatmega1284p.a(eerd_byte.o)
 .debug_abbrev  0x00002877       0x14 C:/Program Files (x86)/Atmel/Studio/7.0/Packs/atmel/ATmega_DFP/1.2.209/gcc/dev/atmega1284p/avr51\libatmega1284p.a(eewr_byte.o)

.debug_line     0x00000000     0x89a4
 *(.debug_line .debug_line.* .debug_line_end)
 .debug_line    0x00000000      0x169 C:/Program Files (x86)/Atmel/Studio/7.0/Packs/atmel/ATmega_DFP/1.2.209/gcc/dev/atmega1284p/avr51/crtatmega1284p.o
 .debug_line    0x00000169      0x53d Cmps/CmpPCA9685.o
 .debug_line    0x000006a6      0x486 Drv/DrvAdc.o
 .debug_line    0x00000b2c      0x498 Drv/DrvBitmap.o
 .debug_line    0x00000fc4      0x51d Drv/DrvButton.o
 .debug_line    0x000014e1      0x82c Drv/DrvEeprom.o
 .debug_line    0x00001d0d      0x3b2 Drv/DrvFont.o
 .debug_line    0x000020bf      0x519 Drv/DrvIo.o
 .debug_line    0x000025d8      0x62a Drv/DrvLed.o
 .debug_line    0x00002c02      0x7af Drv/DrvLeg.o
 .debug_line    0x000033b1      0x68a Drv/DrvServo.o
 .debug_line    0x00003a3b      0x45d Drv/DrvSpi.o
 .debug_line    0x00003e98      0x837 Drv/DrvSSD1306.o
 .debug_line    0x000046cf      0x500 Drv/DrvTick.o
 .debug_line    0x00004bcf      0x594 Drv/DrvTimer.o
 .debug_line    0x00005163      0x875 Drv/DrvTwi.o
 .debug_line    0x000059d8      0x61a Drv/DrvUart.o
 .debug_line    0x00005ff2      0x6a1 main.o
 .debug_line    0x00006693      0x4b8 Srv/SrvBattery.o
 .debug_line    0x00006b4b      0x49a Srv/SrvBody.o
 .debug_line    0x00006fe5      0x75a Srv/SrvComm.o
 .debug_line    0x0000773f      0x69d Srv/SrvDisplay.o
 .debug_line    0x00007ddc      0x5b5 Srv/SrvIhm.o
 .debug_line    0x00008391      0x4fb Srv/SrvWalk.o
 .debug_line    0x0000888c       0x7a C:/Program Files (x86)/Atmel/Studio/7.0/Packs/atmel/ATmega_DFP/1.2.209/gcc/dev/atmega1284p/avr51\libatmega1284p.a(eerd_byte.o)
 .debug_line    0x00008906       0x9e C:/Program Files (x86)/Atmel/Studio/7.0/Packs/atmel/ATmega_DFP/1.2.209/gcc/dev/atmega1284p/avr51\libatmega1284p.a(eewr_byte.o)

.debug_frame    0x00000000     0x134c
 *(.debug_frame)
 .debug_frame   0x00000000       0xb0 Cmps/CmpPCA9685.o
 .debug_frame   0x000000b0       0x34 Drv/DrvAdc.o
 .debug_frame   0x000000e4       0x34 Drv/DrvBitmap.o
 .debug_frame   0x00000118       0x64 Drv/DrvButton.o
 .debug_frame   0x0000017c      0x2cc Drv/DrvEeprom.o
 .debug_frame   0x00000448       0x84 Drv/DrvIo.o
 .debug_frame   0x000004cc       0xd8 Drv/DrvLed.o
 .debug_frame   0x000005a4       0xe8 Drv/DrvLeg.o
 .debug_frame   0x0000068c      0x100 Drv/DrvServo.o
 .debug_frame   0x0000078c       0x64 Drv/DrvSpi.o
 .debug_frame   0x000007f0      0x324 Drv/DrvSSD1306.o
 .debug_frame   0x00000b14       0xb8 Drv/DrvTick.o
 .debug_frame   0x00000bcc       0xf4 Drv/DrvTimer.o
 .debug_frame   0x00000cc0      0x18c Drv/DrvTwi.o
 .debug_frame   0x00000e4c      0x16c Drv/DrvUart.o
 .debug_frame   0x00000fb8       0x24 main.o
 .debug_frame   0x00000fdc       0x54 Srv/SrvBattery.o
 .debug_frame   0x00001030       0x44 Srv/SrvBody.o
 .debug_frame   0x00001074       0xac Srv/SrvComm.o
 .debug_frame   0x00001120      0x118 Srv/SrvDisplay.o
 .debug_frame   0x00001238       0xb4 Srv/SrvIhm.o
 .debug_frame   0x000012ec       0x60 Srv/SrvWalk.o

.debug_str      0x00000000     0xff1c
 *(.debug_str)
 .debug_str     0x00000000      0x296 C:/Program Files (x86)/Atmel/Studio/7.0/Packs/atmel/ATmega_DFP/1.2.209/gcc/dev/atmega1284p/avr51/crtatmega1284p.o
 .debug_str     0x00000296     0xc583 Cmps/CmpPCA9685.o
                               0xc7ca (size before relaxing)
 .debug_str     0x0000c819      0x239 Drv/DrvAdc.o
                               0xc780 (size before relaxing)
 .debug_str     0x0000ca52      0x172 Drv/DrvBitmap.o
                               0xc6c1 (size before relaxing)
 .debug_str     0x0000cbc4      0x29b Drv/DrvButton.o
                               0xc9a8 (size before relaxing)
 .debug_str     0x0000ce5f      0x80e Drv/DrvEeprom.o
                               0xcd8f (size before relaxing)
 .debug_str     0x0000d66d       0x22 Drv/DrvFont.o
                               0xc562 (size before relaxing)
 .debug_str     0x0000d68f       0xa4 Drv/DrvIo.o
                               0xc7e7 (size before relaxing)
 .debug_str     0x0000d733      0x1a7 Drv/DrvLed.o
                               0xc984 (size before relaxing)
 .debug_str     0x0000d8da      0xde0 Drv/DrvLeg.o
                               0xd33c (size before relaxing)
 .debug_str     0x0000e6ba      0x11a Drv/DrvServo.o
                               0xc9e3 (size before relaxing)
 .debug_str     0x0000e7d4      0x11c Drv/DrvSpi.o
                               0xc838 (size before relaxing)
 .debug_str     0x0000e8f0      0x60c Drv/DrvSSD1306.o
                               0xcc10 (size before relaxing)
 .debug_str     0x0000eefc       0xab Drv/DrvTick.o
                               0xc616 (size before relaxing)
 .debug_str     0x0000efa7      0x18b Drv/DrvTimer.o
                               0xc798 (size before relaxing)
 .debug_str     0x0000f132      0x3dc Drv/DrvTwi.o
                               0xcba1 (size before relaxing)
 .debug_str     0x0000f50e      0x1fe Drv/DrvUart.o
                               0xc824 (size before relaxing)
 .debug_str     0x0000f70c      0x2f2 main.o
                               0xd185 (size before relaxing)
 .debug_str     0x0000f9fe       0xb3 Srv/SrvBattery.o
                               0xc803 (size before relaxing)
 .debug_str     0x0000fab1       0x2b Srv/SrvBody.o
                               0xc87c (size before relaxing)
 .debug_str     0x0000fadc      0x158 Srv/SrvComm.o
                               0xcc55 (size before relaxing)
 .debug_str     0x0000fc34      0x147 Srv/SrvDisplay.o
                               0xcd11 (size before relaxing)
 .debug_str     0x0000fd7b       0x8d Srv/SrvIhm.o
                               0xc8a1 (size before relaxing)
 .debug_str     0x0000fe08      0x114 Srv/SrvWalk.o
                               0xc8a7 (size before relaxing)

.debug_loc      0x00000000     0x5aca
 *(.debug_loc)
 .debug_loc     0x00000000      0x55e Cmps/CmpPCA9685.o
 .debug_loc     0x0000055e       0x21 Drv/DrvAdc.o
 .debug_loc     0x0000057f      0x150 Drv/DrvBitmap.o
 .debug_loc     0x000006cf      0x163 Drv/DrvButton.o
 .debug_loc     0x00000832     0x1004 Drv/DrvEeprom.o
 .debug_loc     0x00001836      0x29b Drv/DrvIo.o
 .debug_loc     0x00001ad1      0x299 Drv/DrvLed.o
 .debug_loc     0x00001d6a      0x42b Drv/DrvLeg.o
 .debug_loc     0x00002195      0x58d Drv/DrvServo.o
 .debug_loc     0x00002722       0x5b Drv/DrvSpi.o
 .debug_loc     0x0000277d     0x123e Drv/DrvSSD1306.o
 .debug_loc     0x000039bb      0x1b0 Drv/DrvTick.o
 .debug_loc     0x00003b6b      0x2d1 Drv/DrvTimer.o
 .debug_loc     0x00003e3c      0x9e5 Drv/DrvTwi.o
 .debug_loc     0x00004821      0x494 Drv/DrvUart.o
 .debug_loc     0x00004cb5       0x46 main.o
 .debug_loc     0x00004cfb       0x5b Srv/SrvBody.o
 .debug_loc     0x00004d56      0x8cd Srv/SrvComm.o
 .debug_loc     0x00005623      0x3d1 Srv/SrvDisplay.o
 .debug_loc     0x000059f4       0x63 Srv/SrvIhm.o
 .debug_loc     0x00005a57       0x73 Srv/SrvWalk.o

.debug_macinfo
 *(.debug_macinfo)

.debug_weaknames
 *(.debug_weaknames)

.debug_funcnames
 *(.debug_funcnames)

.debug_typenames
 *(.debug_typenames)

.debug_varnames
 *(.debug_varnames)

.debug_pubtypes
 *(.debug_pubtypes)

.debug_ranges   0x00000000      0x628
 *(.debug_ranges)
 .debug_ranges  0x00000000       0x30 Cmps/CmpPCA9685.o
 .debug_ranges  0x00000030       0x18 Drv/DrvAdc.o
 .debug_ranges  0x00000048       0x18 Drv/DrvBitmap.o
 .debug_ranges  0x00000060       0x30 Drv/DrvButton.o
 .debug_ranges  0x00000090       0xe0 Drv/DrvEeprom.o
 .debug_ranges  0x00000170       0x40 Drv/DrvIo.o
 .debug_ranges  0x000001b0       0x58 Drv/DrvLed.o
 .debug_ranges  0x00000208       0x30 Drv/DrvLeg.o
 .debug_ranges  0x00000238       0x58 Drv/DrvServo.o
 .debug_ranges  0x00000290       0x28 Drv/DrvSpi.o
 .debug_ranges  0x000002b8       0xc0 Drv/DrvSSD1306.o
 .debug_ranges  0x00000378       0x40 Drv/DrvTick.o
 .debug_ranges  0x000003b8       0x48 Drv/DrvTimer.o
 .debug_ranges  0x00000400       0x78 Drv/DrvTwi.o
 .debug_ranges  0x00000478       0x68 Drv/DrvUart.o
 .debug_ranges  0x000004e0       0x10 main.o
 .debug_ranges  0x000004f0       0x28 Srv/SrvBattery.o
 .debug_ranges  0x00000518       0x18 Srv/SrvBody.o
 .debug_ranges  0x00000530       0x40 Srv/SrvComm.o
 .debug_ranges  0x00000570       0x48 Srv/SrvDisplay.o
 .debug_ranges  0x000005b8       0x48 Srv/SrvIhm.o
 .debug_ranges  0x00000600       0x28 Srv/SrvWalk.o

.debug_macro    0x00000000     0x2b96
 *(.debug_macro)
 .debug_macro   0x00000000      0x1a3 Cmps/CmpPCA9685.o
 .debug_macro   0x000001a3       0x5e Cmps/CmpPCA9685.o
 .debug_macro   0x00000201       0x10 Cmps/CmpPCA9685.o
 .debug_macro   0x00000211      0x182 Drv/DrvAdc.o
 .debug_macro   0x00000393      0x17d Drv/DrvBitmap.o
 .debug_macro   0x00000510       0x10 Drv/DrvBitmap.o
 .debug_macro   0x00000520      0x198 Drv/DrvButton.o
 .debug_macro   0x000006b8      0x242 Drv/DrvEeprom.o
 .debug_macro   0x000008fa      0x17d Drv/DrvFont.o
 .debug_macro   0x00000a77       0x10 Drv/DrvFont.o
 .debug_macro   0x00000a87      0x16e Drv/DrvIo.o
 .debug_macro   0x00000bf5      0x18c Drv/DrvLed.o
 .debug_macro   0x00000d81      0x2f0 Drv/DrvLeg.o
 .debug_macro   0x00001071       0x4c Drv/DrvLeg.o
 .debug_macro   0x000010bd       0x28 Drv/DrvLeg.o
 .debug_macro   0x000010e5      0x1ac Drv/DrvServo.o
 .debug_macro   0x00001291       0x46 Drv/DrvServo.o
 .debug_macro   0x000012d7      0x173 Drv/DrvSpi.o
 .debug_macro   0x0000144a       0x16 Drv/DrvSpi.o
 .debug_macro   0x00001460      0x1b6 Drv/DrvSSD1306.o
 .debug_macro   0x00001616       0x16 Drv/DrvSSD1306.o
 .debug_macro   0x0000162c       0xe8 Drv/DrvSSD1306.o
 .debug_macro   0x00001714      0x17e Drv/DrvTick.o
 .debug_macro   0x00001892      0x184 Drv/DrvTimer.o
 .debug_macro   0x00001a16      0x1a0 Drv/DrvTwi.o
 .debug_macro   0x00001bb6       0xdd Drv/DrvTwi.o
 .debug_macro   0x00001c93      0x179 Drv/DrvUart.o
 .debug_macro   0x00001e0c       0x1c Drv/DrvUart.o
 .debug_macro   0x00001e28      0x249 main.o
 .debug_macro   0x00002071       0x16 main.o
 .debug_macro   0x00002087       0x16 main.o
 .debug_macro   0x0000209d       0x1c main.o
 .debug_macro   0x000020b9       0x46 main.o
 .debug_macro   0x000020ff       0x16 main.o
 .debug_macro   0x00002115      0x196 Srv/SrvBattery.o
 .debug_macro   0x000022ab      0x1af Srv/SrvBody.o
 .debug_macro   0x0000245a      0x1b6 Srv/SrvComm.o
 .debug_macro   0x00002610       0x16 Srv/SrvComm.o
 .debug_macro   0x00002626       0x40 Srv/SrvComm.o
 .debug_macro   0x00002666      0x1cc Srv/SrvDisplay.o
 .debug_macro   0x00002832      0x1ab Srv/SrvIhm.o
 .debug_macro   0x000029dd      0x1a3 Srv/SrvWalk.o
 .debug_macro   0x00002b80       0x16 Srv/SrvWalk.o
OUTPUT(hexapod.elf elf32-avr)
LOAD linker stubs
